Archive member included to satisfy reference by file (symbol)

C:/ST/STM32CubeCLT_1.16.0/GNU-tools-for-STM32/bin/../lib/gcc/arm-none-eabi/12.3.1/../../../../arm-none-eabi/lib/thumb/v7e-m+fp/hard\libc_nano.a(libc_a-exit.o)
                              C:/ST/STM32CubeCLT_1.16.0/GNU-tools-for-STM32/bin/../lib/gcc/arm-none-eabi/12.3.1/../../../../arm-none-eabi/lib/thumb/v7e-m+fp/hard/crt0.o (exit)
C:/ST/STM32CubeCLT_1.16.0/GNU-tools-for-STM32/bin/../lib/gcc/arm-none-eabi/12.3.1/../../../../arm-none-eabi/lib/thumb/v7e-m+fp/hard\libc_nano.a(libc_a-nano-vfprintf_float.o)
                              (_printf_float)
C:/ST/STM32CubeCLT_1.16.0/GNU-tools-for-STM32/bin/../lib/gcc/arm-none-eabi/12.3.1/../../../../arm-none-eabi/lib/thumb/v7e-m+fp/hard\libc_nano.a(libc_a-nano-vfprintf_i.o)
                              C:/ST/STM32CubeCLT_1.16.0/GNU-tools-for-STM32/bin/../lib/gcc/arm-none-eabi/12.3.1/../../../../arm-none-eabi/lib/thumb/v7e-m+fp/hard\libc_nano.a(libc_a-nano-vfprintf_float.o) (_printf_common)
C:/ST/STM32CubeCLT_1.16.0/GNU-tools-for-STM32/bin/../lib/gcc/arm-none-eabi/12.3.1/../../../../arm-none-eabi/lib/thumb/v7e-m+fp/hard\libc_nano.a(libc_a-findfp.o)
                              C:/ST/STM32CubeCLT_1.16.0/GNU-tools-for-STM32/bin/../lib/gcc/arm-none-eabi/12.3.1/../../../../arm-none-eabi/lib/thumb/v7e-m+fp/hard\libc_nano.a(libc_a-exit.o) (__stdio_exit_handler)
C:/ST/STM32CubeCLT_1.16.0/GNU-tools-for-STM32/bin/../lib/gcc/arm-none-eabi/12.3.1/../../../../arm-none-eabi/lib/thumb/v7e-m+fp/hard\libc_nano.a(libc_a-fwalk.o)
                              C:/ST/STM32CubeCLT_1.16.0/GNU-tools-for-STM32/bin/../lib/gcc/arm-none-eabi/12.3.1/../../../../arm-none-eabi/lib/thumb/v7e-m+fp/hard\libc_nano.a(libc_a-findfp.o) (_fwalk_sglue)
C:/ST/STM32CubeCLT_1.16.0/GNU-tools-for-STM32/bin/../lib/gcc/arm-none-eabi/12.3.1/../../../../arm-none-eabi/lib/thumb/v7e-m+fp/hard\libc_nano.a(libc_a-stdio.o)
                              C:/ST/STM32CubeCLT_1.16.0/GNU-tools-for-STM32/bin/../lib/gcc/arm-none-eabi/12.3.1/../../../../arm-none-eabi/lib/thumb/v7e-m+fp/hard\libc_nano.a(libc_a-findfp.o) (__sread)
C:/ST/STM32CubeCLT_1.16.0/GNU-tools-for-STM32/bin/../lib/gcc/arm-none-eabi/12.3.1/../../../../arm-none-eabi/lib/thumb/v7e-m+fp/hard\libc_nano.a(libc_a-memset.o)
                              C:/ST/STM32CubeCLT_1.16.0/GNU-tools-for-STM32/bin/../lib/gcc/arm-none-eabi/12.3.1/../../../../arm-none-eabi/lib/thumb/v7e-m+fp/hard/crt0.o (memset)
C:/ST/STM32CubeCLT_1.16.0/GNU-tools-for-STM32/bin/../lib/gcc/arm-none-eabi/12.3.1/../../../../arm-none-eabi/lib/thumb/v7e-m+fp/hard\libc_nano.a(libc_a-localeconv.o)
                              C:/ST/STM32CubeCLT_1.16.0/GNU-tools-for-STM32/bin/../lib/gcc/arm-none-eabi/12.3.1/../../../../arm-none-eabi/lib/thumb/v7e-m+fp/hard\libc_nano.a(libc_a-nano-vfprintf_float.o) (_localeconv_r)
C:/ST/STM32CubeCLT_1.16.0/GNU-tools-for-STM32/bin/../lib/gcc/arm-none-eabi/12.3.1/../../../../arm-none-eabi/lib/thumb/v7e-m+fp/hard\libc_nano.a(libc_a-closer.o)
                              C:/ST/STM32CubeCLT_1.16.0/GNU-tools-for-STM32/bin/../lib/gcc/arm-none-eabi/12.3.1/../../../../arm-none-eabi/lib/thumb/v7e-m+fp/hard\libc_nano.a(libc_a-stdio.o) (_close_r)
C:/ST/STM32CubeCLT_1.16.0/GNU-tools-for-STM32/bin/../lib/gcc/arm-none-eabi/12.3.1/../../../../arm-none-eabi/lib/thumb/v7e-m+fp/hard\libc_nano.a(libc_a-reent.o)
                              C:/ST/STM32CubeCLT_1.16.0/GNU-tools-for-STM32/bin/../lib/gcc/arm-none-eabi/12.3.1/../../../../arm-none-eabi/lib/thumb/v7e-m+fp/hard\libc_nano.a(libc_a-closer.o) (errno)
C:/ST/STM32CubeCLT_1.16.0/GNU-tools-for-STM32/bin/../lib/gcc/arm-none-eabi/12.3.1/../../../../arm-none-eabi/lib/thumb/v7e-m+fp/hard\libc_nano.a(libc_a-impure.o)
                              C:/ST/STM32CubeCLT_1.16.0/GNU-tools-for-STM32/bin/../lib/gcc/arm-none-eabi/12.3.1/../../../../arm-none-eabi/lib/thumb/v7e-m+fp/hard\libc_nano.a(libc_a-reent.o) (_impure_ptr)
C:/ST/STM32CubeCLT_1.16.0/GNU-tools-for-STM32/bin/../lib/gcc/arm-none-eabi/12.3.1/../../../../arm-none-eabi/lib/thumb/v7e-m+fp/hard\libc_nano.a(libc_a-lseekr.o)
                              C:/ST/STM32CubeCLT_1.16.0/GNU-tools-for-STM32/bin/../lib/gcc/arm-none-eabi/12.3.1/../../../../arm-none-eabi/lib/thumb/v7e-m+fp/hard\libc_nano.a(libc_a-stdio.o) (_lseek_r)
C:/ST/STM32CubeCLT_1.16.0/GNU-tools-for-STM32/bin/../lib/gcc/arm-none-eabi/12.3.1/../../../../arm-none-eabi/lib/thumb/v7e-m+fp/hard\libc_nano.a(libc_a-readr.o)
                              C:/ST/STM32CubeCLT_1.16.0/GNU-tools-for-STM32/bin/../lib/gcc/arm-none-eabi/12.3.1/../../../../arm-none-eabi/lib/thumb/v7e-m+fp/hard\libc_nano.a(libc_a-stdio.o) (_read_r)
C:/ST/STM32CubeCLT_1.16.0/GNU-tools-for-STM32/bin/../lib/gcc/arm-none-eabi/12.3.1/../../../../arm-none-eabi/lib/thumb/v7e-m+fp/hard\libc_nano.a(libc_a-writer.o)
[...]
Memory Configuration

Name             Origin             Length             Attributes
RAM              0x20000000         0x00018000         xrw
RAM2             0x10000000         0x00008000         xrw
FLASH            0x08000000         0x00100000         xr
*default*        0x00000000         0xffffffff

Linker script and memory map

LOAD C:/ST/STM32CubeCLT_1.16.0/GNU-tools-for-STM32/bin/../lib/gcc/arm-none-eabi/12.3.1/thumb/v7e-m+fp/hard/crti.o
LOAD C:/ST/STM32CubeCLT_1.16.0/GNU-tools-for-STM32/bin/../lib/gcc/arm-none-eabi/12.3.1/thumb/v7e-m+fp/hard/crtbegin.o
LOAD C:/ST/STM32CubeCLT_1.16.0/GNU-tools-for-STM32/bin/../lib/gcc/arm-none-eabi/12.3.1/../../../../arm-none-eabi/lib/thumb/v7e-m+fp/hard/crt0.o
START GROUP
LOAD C:/ST/STM32CubeCLT_1.16.0/GNU-tools-for-STM32/bin/../lib/gcc/arm-none-eabi/12.3.1/../../../../arm-none-eabi/lib/thumb/v7e-m+fp/hard\libc_nano.a
LOAD C:/ST/STM32CubeCLT_1.16.0/GNU-tools-for-STM32/bin/../lib/gcc/arm-none-eabi/12.3.1/../../../../arm-none-eabi/lib/thumb/v7e-m+fp/hard\libm.a
LOAD C:/ST/STM32CubeCLT_1.16.0/GNU-tools-for-STM32/bin/../lib/gcc/arm-none-eabi/12.3.1/../../../../arm-none-eabi/lib/thumb/v7e-m+fp/hard\libstdc++_nano.a
LOAD C:/ST/STM32CubeCLT_1.16.0/GNU-tools-for-STM32/bin/../lib/gcc/arm-none-eabi/12.3.1/../../../../arm-none-eabi/lib/thumb/v7e-m+fp/hard\libsupc++_nano.a
END GROUP
LOAD CMakeFiles/Linear_motor.dir/Drivers/STM32L4xx_HAL_Driver/Src/stm32l4xx_hal_adc_ex.c.obj
LOAD CMakeFiles/Linear_motor.dir/Drivers/STM32L4xx_HAL_Driver/Src/stm32l4xx_hal_adc.c.obj
LOAD CMakeFiles/Linear_motor.dir/Drivers/STM32L4xx_HAL_Driver/Src/stm32l4xx_hal_cortex.c.obj
LOAD CMakeFiles/Linear_motor.dir/Drivers/STM32L4xx_HAL_Driver/Src/stm32l4xx_hal_dma_ex.c.obj
LOAD CMakeFiles/Linear_motor.dir/Drivers/STM32L4xx_HAL_Driver/Src/stm32l4xx_hal_dma.c.obj
LOAD CMakeFiles/Linear_motor.dir/Drivers/STM32L4xx_HAL_Driver/Src/stm32l4xx_hal_exti.c.obj
LOAD CMakeFiles/Linear_motor.dir/Drivers/STM32L4xx_HAL_Driver/Src/stm32l4xx_hal_flash_ex.c.obj
LOAD CMakeFiles/Linear_motor.dir/Drivers/STM32L4xx_HAL_Driver/Src/stm32l4xx_hal_flash_ramfunc.c.obj
LOAD CMakeFiles/Linear_motor.dir/Drivers/STM32L4xx_HAL_Driver/Src/stm32l4xx_hal_flash.c.obj
LOAD CMakeFiles/Linear_motor.dir/Drivers/STM32L4xx_HAL_Driver/Src/stm32l4xx_hal_gpio.c.obj
LOAD CMakeFiles/Linear_motor.dir/Drivers/STM32L4xx_HAL_Driver/Src/stm32l4xx_hal_i2c_ex.c.obj
LOAD CMakeFiles/Linear_motor.dir/Drivers/STM32L4xx_HAL_Driver/Src/stm32l4xx_hal_i2c.c.obj
LOAD CMakeFiles/Linear_motor.dir/Drivers/STM32L4xx_HAL_Driver/Src/stm32l4xx_hal_pwr_ex.c.obj
LOAD CMakeFiles/Linear_motor.dir/Drivers/STM32L4xx_HAL_Driver/Src/stm32l4xx_hal_pwr.c.obj
LOAD CMakeFiles/Linear_motor.dir/Drivers/STM32L4xx_HAL_Driver/Src/stm32l4xx_hal_rcc_ex.c.obj
LOAD CMakeFiles/Linear_motor.dir/Drivers/STM32L4xx_HAL_Driver/Src/stm32l4xx_hal_rcc.c.obj
LOAD CMakeFiles/Linear_motor.dir/Drivers/STM32L4xx_HAL_Driver/Src/stm32l4xx_hal_tim_ex.c.obj
LOAD CMakeFiles/Linear_motor.dir/Drivers/STM32L4xx_HAL_Driver/Src/stm32l4xx_hal_tim.c.obj
LOAD CMakeFiles/Linear_motor.dir/Drivers/STM32L4xx_HAL_Driver/Src/stm32l4xx_hal_uart_ex.c.obj
LOAD CMakeFiles/Linear_motor.dir/Drivers/STM32L4xx_HAL_Driver/Src/stm32l4xx_hal_uart.c.obj
LOAD CMakeFiles/Linear_motor.dir/Drivers/STM32L4xx_HAL_Driver/Src/stm32l4xx_hal.c.obj
LOAD CMakeFiles/Linear_motor.dir/Core/Src/stm32l4xx_hal_msp.c.obj
LOAD CMakeFiles/Linear_motor.dir/Core/Src/stm32l4xx_it.c.obj
LOAD CMakeFiles/Linear_motor.dir/Core/Src/system_stm32l4xx.c.obj
LOAD CMakeFiles/Linear_motor.dir/Core/Src/syscalls.c.obj
LOAD CMakeFiles/Linear_motor.dir/Core/Src/sysmem.c.obj
LOAD CMakeFiles/Linear_motor.dir/Core/Startup/startup_stm32l476rgtx.s.obj
LOAD CMakeFiles/Linear_motor.dir/Core/Src/main.c.obj
LOAD CMakeFiles/Linear_motor.dir/Core/Src/adc.c.obj
LOAD CMakeFiles/Linear_motor.dir/Core/Src/dma.c.obj
LOAD CMakeFiles/Linear_motor.dir/Core/Src/gpio.c.obj
LOAD CMakeFiles/Linear_motor.dir/Core/Src/i2c.c.obj
LOAD CMakeFiles/Linear_motor.dir/Core/Src/tim.c.obj
LOAD CMakeFiles/Linear_motor.dir/Core/Src/usart.c.obj
LOAD CMakeFiles/Linear_motor.dir/CircularBuffer/CircularBuffer.c.obj
LOAD CMakeFiles/Linear_motor.dir/DigitalFilters/DigitalFilters.c.obj
LOAD CMakeFiles/Linear_motor.dir/ds18b20/ds18b20.c.obj
LOAD CMakeFiles/Linear_motor.dir/HBridge/hbridge.c.obj
LOAD CMakeFiles/Linear_motor.dir/PID/PID.c.obj
LOAD CMakeFiles/Linear_motor.dir/Core/Src/wire.c.obj
START GROUP
LOAD C:/ST/STM32CubeCLT_1.16.0/GNU-tools-for-STM32/bin/../lib/gcc/arm-none-eabi/12.3.1/thumb/v7e-m+fp/hard\libgcc.a
LOAD C:/ST/STM32CubeCLT_1.16.0/GNU-tools-for-STM32/bin/../lib/gcc/arm-none-eabi/12.3.1/../../../../arm-none-eabi/lib/thumb/v7e-m+fp/hard\libg_nano.a
LOAD C:/ST/STM32CubeCLT_1.16.0/GNU-tools-for-STM32/bin/../lib/gcc/arm-none-eabi/12.3.1/../../../../arm-none-eabi/lib/thumb/v7e-m+fp/hard\libc_nano.a
END GROUP
START GROUP
LOAD C:/ST/STM32CubeCLT_1.16.0/GNU-tools-for-STM32/bin/../lib/gcc/arm-none-eabi/12.3.1/thumb/v7e-m+fp/hard\libgcc.a
LOAD C:/ST/STM32CubeCLT_1.16.0/GNU-tools-for-STM32/bin/../lib/gcc/arm-none-eabi/12.3.1/../../../../arm-none-eabi/lib/thumb/v7e-m+fp/hard\libc_nano.a
LOAD C:/ST/STM32CubeCLT_1.16.0/GNU-tools-for-STM32/bin/../lib/gcc/arm-none-eabi/12.3.1/../../../../arm-none-eabi/lib/thumb/v7e-m+fp/hard\libnosys.a
END GROUP
START GROUP
LOAD C:/ST/STM32CubeCLT_1.16.0/GNU-tools-for-STM32/bin/../lib/gcc/arm-none-eabi/12.3.1/thumb/v7e-m+fp/hard\libgcc.a
LOAD C:/ST/STM32CubeCLT_1.16.0/GNU-tools-for-STM32/bin/../lib/gcc/arm-none-eabi/12.3.1/../../../../arm-none-eabi/lib/thumb/v7e-m+fp/hard\libc_nano.a
LOAD C:/ST/STM32CubeCLT_1.16.0/GNU-tools-for-STM32/bin/../lib/gcc/arm-none-eabi/12.3.1/../../../../arm-none-eabi/lib/thumb/v7e-m+fp/hard\libnosys.a
END GROUP
LOAD C:/ST/STM32CubeCLT_1.16.0/GNU-tools-for-STM32/bin/../lib/gcc/arm-none-eabi/12.3.1/thumb/v7e-m+fp/hard/crtend.o
LOAD C:/ST/STM32CubeCLT_1.16.0/GNU-tools-for-STM32/bin/../lib/gcc/arm-none-eabi/12.3.1/thumb/v7e-m+fp/hard/crtn.o
                0x20018000                        _estack = (ORIGIN (RAM) + LENGTH (RAM))
                0x00000200                        _Min_Heap_Size = 0x200
                0x00000400                        _Min_Stack_Size = 0x400

.isr_vector     0x08000000      0x188
                0x08000000                        . = ALIGN (0x4)
 *(.isr_vector)
 .isr_vector    0x08000000      0x188 CMakeFiles/Linear_motor.dir/Core/Startup/startup_stm32l476rgtx.s.obj
                0x08000000                g_pfnVectors
                0x08000188                        . = ALIGN (0x4)

.text           0x08000190     0x9db4
                0x08000190                        . = ALIGN (0x4)
 *(.text)
 .text          0x08000190       0x40 C:/ST/STM32CubeCLT_1.16.0/GNU-tools-for-STM32/bin/../lib/gcc/arm-none-eabi/12.3.1/thumb/v7e-m+fp/hard/crtbegin.o
 .text          0x080001d0       0xa0 C:/ST/STM32CubeCLT_1.16.0/GNU-tools-for-STM32/bin/../lib/gcc/arm-none-eabi/12.3.1/../../../../arm-none-eabi/lib/thumb/v7e-m+fp/hard\libc_nano.a(libc_a-memchr.o)
                0x080001d0                memchr
 .text          0x08000270       0x10 C:/ST/STM32CubeCLT_1.16.0/GNU-tools-for-STM32/bin/../lib/gcc/arm-none-eabi/12.3.1/../../../../arm-none-eabi/lib/thumb/v7e-m+fp/hard\libc_nano.a(libc_a-strlen.o)
                0x08000270                strlen
 .text          0x08000280      0x378 C:/ST/STM32CubeCLT_1.16.0/GNU-tools-for-STM32/bin/../lib/gcc/arm-none-eabi/12.3.1/thumb/v7e-m+fp/hard\libgcc.a(_arm_addsubdf3.o)
                0x08000280                __aeabi_drsub
                0x08000288                __aeabi_dsub
                0x08000288                __subdf3
                0x0800028c                __aeabi_dadd
                0x0800028c                __adddf3
                0x08000504                __floatunsidf
                0x08000504                __aeabi_ui2d
                0x08000524                __floatsidf
                0x08000524                __aeabi_i2d
                0x08000548                __aeabi_f2d
                0x08000548                __extendsfdf2
                0x0800058c                __floatundidf
                0x0800058c                __aeabi_ul2d
                0x0800059c                __floatdidf
                0x0800059c                __aeabi_l2d
 .text          0x080005f8      0x424 C:/ST/STM32CubeCLT_1.16.0/GNU-tools-for-STM32/bin/../lib/gcc/arm-none-eabi/12.3.1/thumb/v7e-m+fp/hard\libgcc.a(_arm_muldivdf3.o)
                0x080005f8                __aeabi_dmul
                0x080005f8                __muldf3
                0x0800084c                __divdf3
                0x0800084c                __aeabi_ddiv
 .text          0x08000a1c      0x110 C:/ST/STM32CubeCLT_1.16.0/GNU-tools-for-STM32/bin/../lib/gcc/arm-none-eabi/12.3.1/thumb/v7e-m+fp/hard\libgcc.a(_arm_cmpdf2.o)
                0x08000a1c                __gtdf2
                0x08000a1c                __gedf2
                0x08000a24                __ltdf2
                0x08000a24                __ledf2
                0x08000a2c                __nedf2
                0x08000a2c                __eqdf2
                0x08000a2c                __cmpdf2
                0x08000aa8                __aeabi_cdrcmple
                0x08000ab8                __aeabi_cdcmpeq
                0x08000ab8                __aeabi_cdcmple
                0x08000ac8                __aeabi_dcmpeq
                0x08000adc                __aeabi_dcmplt
                0x08000af0                __aeabi_dcmple
                0x08000b04                __aeabi_dcmpge
                0x08000b18                __aeabi_dcmpgt
 .text          0x08000b2c       0x2c C:/ST/STM32CubeCLT_1.16.0/GNU-tools-for-STM32/bin/../lib/gcc/arm-none-eabi/12.3.1/thumb/v7e-m+fp/hard\libgcc.a(_arm_unorddf2.o)
                0x08000b2c                __unorddf2
                0x08000b2c                __aeabi_dcmpun
 .text          0x08000b58       0x50 C:/ST/STM32CubeCLT_1.16.0/GNU-tools-for-STM32/bin/../lib/gcc/arm-none-eabi/12.3.1/thumb/v7e-m+fp/hard\libgcc.a(_arm_fixdfsi.o)
                0x08000b58                __aeabi_d2iz
                0x08000b58                __fixdfsi
 .text          0x08000ba8       0x30 C:/ST/STM32CubeCLT_1.16.0/GNU-tools-for-STM32/bin/../lib/gcc/arm-none-eabi/12.3.1/thumb/v7e-m+fp/hard\libgcc.a(_aeabi_uldivmod.o)
                0x08000ba8                __aeabi_uldivmod
 .text          0x08000bd8      0x2bc C:/ST/STM32CubeCLT_1.16.0/GNU-tools-for-STM32/bin/../lib/gcc/arm-none-eabi/12.3.1/thumb/v7e-m+fp/hard\libgcc.a(_udivmoddi4.o)
                0x08000bd8                __udivmoddi4
 .text          0x08000e94        0x4 C:/ST/STM32CubeCLT_1.16.0/GNU-tools-for-STM32/bin/../lib/gcc/arm-none-eabi/12.3.1/thumb/v7e-m+fp/hard\libgcc.a(_dvmd_tls.o)
                0x08000e94                __aeabi_idiv0
                0x08000e94                __aeabi_ldiv0
 *(.text*)
 .text.__cvt    0x08000e98       0xca C:/ST/STM32CubeCLT_1.16.0/GNU-tools-for-STM32/bin/../lib/gcc/arm-none-eabi/12.3.1/../../../../arm-none-eabi/lib/thumb/v7e-m+fp/hard\libc_nano.a(libc_a-nano-vfprintf_float.o)
                0x08000e98                __cvt
 .text.__exponent
                0x08000f62       0x74 C:/ST/STM32CubeCLT_1.16.0/GNU-tools-for-STM32/bin/../lib/gcc/arm-none-eabi/12.3.1/../../../../arm-none-eabi/lib/thumb/v7e-m+fp/hard\libc_nano.a(libc_a-nano-vfprintf_float.o)
                0x08000f62                __exponent
 *fill*         0x08000fd6        0x2 
 .text._printf_float
                0x08000fd8      0x454 C:/ST/STM32CubeCLT_1.16.0/GNU-tools-for-STM32/bin/../lib/gcc/arm-none-eabi/12.3.1/../../../../arm-none-eabi/lib/thumb/v7e-m+fp/hard\libc_nano.a(libc_a-nano-vfprintf_float.o)
                0x08000fd8                _printf_float
 .text._printf_common
                0x0800142c       0xda C:/ST/STM32CubeCLT_1.16.0/GNU-tools-for-STM32/bin/../lib/gcc/arm-none-eabi/12.3.1/../../../../arm-none-eabi/lib/thumb/v7e-m+fp/hard\libc_nano.a(libc_a-nano-vfprintf_i.o)
                0x0800142c                _printf_common
 *fill*         0x08001506        0x2 
 .text._printf_i
                0x08001508      0x240 C:/ST/STM32CubeCLT_1.16.0/GNU-tools-for-STM32/bin/../lib/gcc/arm-none-eabi/12.3.1/../../../../arm-none-eabi/lib/thumb/v7e-m+fp/hard\libc_nano.a(libc_a-nano-vfprintf_i.o)
                0x08001508                _printf_i
 .text.std      0x08001748       0x6c C:/ST/STM32CubeCLT_1.16.0/GNU-tools-for-STM32/bin/../lib/gcc/arm-none-eabi/12.3.1/../../../../arm-none-eabi/lib/thumb/v7e-m+fp/hard\libc_nano.a(libc_a-findfp.o)
 .text.stdio_exit_handler
                0x080017b4       0x18 C:/ST/STM32CubeCLT_1.16.0/GNU-tools-for-STM32/bin/../lib/gcc/arm-none-eabi/12.3.1/../../../../arm-none-eabi/lib/thumb/v7e-m+fp/hard\libc_nano.a(libc_a-findfp.o)
 .text.cleanup_stdio
                0x080017cc       0x40 C:/ST/STM32CubeCLT_1.16.0/GNU-tools-for-STM32/bin/../lib/gcc/arm-none-eabi/12.3.1/../../../../arm-none-eabi/lib/thumb/v7e-m+fp/hard\libc_nano.a(libc_a-findfp.o)
 .text.global_stdio_init.part.0
                0x0800180c       0x3c C:/ST/STM32CubeCLT_1.16.0/GNU-tools-for-STM32/bin/../lib/gcc/arm-none-eabi/12.3.1/../../../../arm-none-eabi/lib/thumb/v7e-m+fp/hard\libc_nano.a(libc_a-findfp.o)
 .text.__sfp_lock_acquire
                0x08001848        0xc C:/ST/STM32CubeCLT_1.16.0/GNU-tools-for-STM32/bin/../lib/gcc/arm-none-eabi/12.3.1/../../../../arm-none-eabi/lib/thumb/v7e-m+fp/hard\libc_nano.a(libc_a-findfp.o)
                0x08001848                __sfp_lock_acquire
 .text.__sfp_lock_release
                0x08001854        0xc C:/ST/STM32CubeCLT_1.16.0/GNU-tools-for-STM32/bin/../lib/gcc/arm-none-eabi/12.3.1/../../../../arm-none-eabi/lib/thumb/v7e-m+fp/hard\libc_nano.a(libc_a-findfp.o)
                0x08001854                __sfp_lock_release
 .text.__sinit  0x08001860       0x30 C:/ST/STM32CubeCLT_1.16.0/GNU-tools-for-STM32/bin/../lib/gcc/arm-none-eabi/12.3.1/../../../../arm-none-eabi/lib/thumb/v7e-m+fp/hard\libc_nano.a(libc_a-findfp.o)
                0x08001860                __sinit
 .text._fwalk_sglue
                0x08001890       0x3c C:/ST/STM32CubeCLT_1.16.0/GNU-tools-for-STM32/bin/../lib/gcc/arm-none-eabi/12.3.1/../../../../arm-none-eabi/lib/thumb/v7e-m+fp/hard\libc_nano.a(libc_a-fwalk.o)
                0x08001890                _fwalk_sglue
 .text.__sread  0x080018cc       0x22 C:/ST/STM32CubeCLT_1.16.0/GNU-tools-for-STM32/bin/../lib/gcc/arm-none-eabi/12.3.1/../../../../arm-none-eabi/lib/thumb/v7e-m+fp/hard\libc_nano.a(libc_a-stdio.o)
                0x080018cc                __sread
 .text.__swrite
                0x080018ee       0x38 C:/ST/STM32CubeCLT_1.16.0/GNU-tools-for-STM32/bin/../lib/gcc/arm-none-eabi/12.3.1/../../../../arm-none-eabi/lib/thumb/v7e-m+fp/hard\libc_nano.a(libc_a-stdio.o)
                0x080018ee                __swrite
 .text.__sseek  0x08001926       0x24 C:/ST/STM32CubeCLT_1.16.0/GNU-tools-for-STM32/bin/../lib/gcc/arm-none-eabi/12.3.1/../../../../arm-none-eabi/lib/thumb/v7e-m+fp/hard\libc_nano.a(libc_a-stdio.o)
                0x08001926                __sseek
 .text.__sclose
                0x0800194a        0x8 C:/ST/STM32CubeCLT_1.16.0/GNU-tools-for-STM32/bin/../lib/gcc/arm-none-eabi/12.3.1/../../../../arm-none-eabi/lib/thumb/v7e-m+fp/hard\libc_nano.a(libc_a-stdio.o)
                0x0800194a                __sclose
 .text.memset   0x08001952       0x10 C:/ST/STM32CubeCLT_1.16.0/GNU-tools-for-STM32/bin/../lib/gcc/arm-none-eabi/12.3.1/../../../../arm-none-eabi/lib/thumb/v7e-m+fp/hard\libc_nano.a(libc_a-memset.o)
                0x08001952                memset
 *fill*         0x08001962        0x2 
 .text._localeconv_r
                0x08001964        0x8 C:/ST/STM32CubeCLT_1.16.0/GNU-tools-for-STM32/bin/../lib/gcc/arm-none-eabi/12.3.1/../../../../arm-none-eabi/lib/thumb/v7e-m+fp/hard\libc_nano.a(libc_a-localeconv.o)
                0x08001964                _localeconv_r
 .text._close_r
                0x0800196c       0x20 C:/ST/STM32CubeCLT_1.16.0/GNU-tools-for-STM32/bin/../lib/gcc/arm-none-eabi/12.3.1/../../../../arm-none-eabi/lib/thumb/v7e-m+fp/hard\libc_nano.a(libc_a-closer.o)
                0x0800196c                _close_r
 .text._lseek_r
                0x0800198c       0x24 C:/ST/STM32CubeCLT_1.16.0/GNU-tools-for-STM32/bin/../lib/gcc/arm-none-eabi/12.3.1/../../../../arm-none-eabi/lib/thumb/v7e-m+fp/hard\libc_nano.a(libc_a-lseekr.o)
                0x0800198c                _lseek_r
 .text._read_r  0x080019b0       0x24 C:/ST/STM32CubeCLT_1.16.0/GNU-tools-for-STM32/bin/../lib/gcc/arm-none-eabi/12.3.1/../../../../arm-none-eabi/lib/thumb/v7e-m+fp/hard\libc_nano.a(libc_a-readr.o)
                0x080019b0                _read_r
 .text._write_r
                0x080019d4       0x24 C:/ST/STM32CubeCLT_1.16.0/GNU-tools-for-STM32/bin/../lib/gcc/arm-none-eabi/12.3.1/../../../../arm-none-eabi/lib/thumb/v7e-m+fp/hard\libc_nano.a(libc_a-writer.o)
                0x080019d4                _write_r
 .text.__libc_init_array
                0x080019f8       0x48 C:/ST/STM32CubeCLT_1.16.0/GNU-tools-for-STM32/bin/../lib/gcc/arm-none-eabi/12.3.1/../../../../arm-none-eabi/lib/thumb/v7e-m+fp/hard\libc_nano.a(libc_a-init.o)
                0x080019f8                __libc_init_array
 .text.__retarget_lock_init_recursive
                0x08001a40        0x2 C:/ST/STM32CubeCLT_1.16.0/GNU-tools-for-STM32/bin/../lib/gcc/arm-none-eabi/12.3.1/../../../../arm-none-eabi/lib/thumb/v7e-m+fp/hard\libc_nano.a(libc_a-lock.o)
                0x08001a40                __retarget_lock_init_recursive
 .text.__retarget_lock_acquire_recursive
                0x08001a42        0x2 C:/ST/STM32CubeCLT_1.16.0/GNU-tools-for-STM32/bin/../lib/gcc/arm-none-eabi/12.3.1/../../../../arm-none-eabi/lib/thumb/v7e-m+fp/hard\libc_nano.a(libc_a-lock.o)
                0x08001a42                __retarget_lock_acquire_recursive
 .text.__retarget_lock_release_recursive
                0x08001a44        0x2 C:/ST/STM32CubeCLT_1.16.0/GNU-tools-for-STM32/bin/../lib/gcc/arm-none-eabi/12.3.1/../../../../arm-none-eabi/lib/thumb/v7e-m+fp/hard\libc_nano.a(libc_a-lock.o)
                0x08001a44                __retarget_lock_release_recursive
 .text.quorem   0x08001a46      0x110 C:/ST/STM32CubeCLT_1.16.0/GNU-tools-for-STM32/bin/../lib/gcc/arm-none-eabi/12.3.1/../../../../arm-none-eabi/lib/thumb/v7e-m+fp/hard\libc_nano.a(libc_a-dtoa.o)
 *fill*         0x08001b56        0x2 
 .text._dtoa_r  0x08001b58      0xb88 C:/ST/STM32CubeCLT_1.16.0/GNU-tools-for-STM32/bin/../lib/gcc/arm-none-eabi/12.3.1/../../../../arm-none-eabi/lib/thumb/v7e-m+fp/hard\libc_nano.a(libc_a-dtoa.o)
                0x08001b58                _dtoa_r
 .text._free_r  0x080026e0       0x94 C:/ST/STM32CubeCLT_1.16.0/GNU-tools-for-STM32/bin/../lib/gcc/arm-none-eabi/12.3.1/../../../../arm-none-eabi/lib/thumb/v7e-m+fp/hard\libc_nano.a(libc_a-freer.o)
                0x080026e0                _free_r
 .text.malloc   0x08002774       0x10 C:/ST/STM32CubeCLT_1.16.0/GNU-tools-for-STM32/bin/../lib/gcc/arm-none-eabi/12.3.1/../../../../arm-none-eabi/lib/thumb/v7e-m+fp/hard\libc_nano.a(libc_a-malloc.o)
                0x08002774                malloc
 .text.sbrk_aligned
                0x08002784       0x44 C:/ST/STM32CubeCLT_1.16.0/GNU-tools-for-STM32/bin/../lib/gcc/arm-none-eabi/12.3.1/../../../../arm-none-eabi/lib/thumb/v7e-m+fp/hard\libc_nano.a(libc_a-mallocr.o)
 .text._malloc_r
                0x080027c8      0x100 C:/ST/STM32CubeCLT_1.16.0/GNU-tools-for-STM32/bin/../lib/gcc/arm-none-eabi/12.3.1/../../../../arm-none-eabi/lib/thumb/v7e-m+fp/hard\libc_nano.a(libc_a-mallocr.o)
                0x080027c8                _malloc_r
 .text.__malloc_lock
                0x080028c8        0xc C:/ST/STM32CubeCLT_1.16.0/GNU-tools-for-STM32/bin/../lib/gcc/arm-none-eabi/12.3.1/../../../../arm-none-eabi/lib/thumb/v7e-m+fp/hard\libc_nano.a(libc_a-mlock.o)
                0x080028c8                __malloc_lock
 .text.__malloc_unlock
                0x080028d4        0xc C:/ST/STM32CubeCLT_1.16.0/GNU-tools-for-STM32/bin/../lib/gcc/arm-none-eabi/12.3.1/../../../../arm-none-eabi/lib/thumb/v7e-m+fp/hard\libc_nano.a(libc_a-mlock.o)
                0x080028d4                __malloc_unlock
 .text._Balloc  0x080028e0       0x80 C:/ST/STM32CubeCLT_1.16.0/GNU-tools-for-STM32/bin/../lib/gcc/arm-none-eabi/12.3.1/../../../../arm-none-eabi/lib/thumb/v7e-m+fp/hard\libc_nano.a(libc_a-mprec.o)
                0x080028e0                _Balloc
 .text._Bfree   0x08002960       0x44 C:/ST/STM32CubeCLT_1.16.0/GNU-tools-for-STM32/bin/../lib/gcc/arm-none-eabi/12.3.1/../../../../arm-none-eabi/lib/thumb/v7e-m+fp/hard\libc_nano.a(libc_a-mprec.o)
                0x08002960                _Bfree
 .text.__multadd
                0x080029a4       0x8c C:/ST/STM32CubeCLT_1.16.0/GNU-tools-for-STM32/bin/../lib/gcc/arm-none-eabi/12.3.1/../../../../arm-none-eabi/lib/thumb/v7e-m+fp/hard\libc_nano.a(libc_a-mprec.o)
                0x080029a4                __multadd
 .text.__hi0bits
                0x08002a30       0x3e C:/ST/STM32CubeCLT_1.16.0/GNU-tools-for-STM32/bin/../lib/gcc/arm-none-eabi/12.3.1/../../../../arm-none-eabi/lib/thumb/v7e-m+fp/hard\libc_nano.a(libc_a-mprec.o)
                0x08002a30                __hi0bits
 .text.__lo0bits
                0x08002a6e       0x5a C:/ST/STM32CubeCLT_1.16.0/GNU-tools-for-STM32/bin/../lib/gcc/arm-none-eabi/12.3.1/../../../../arm-none-eabi/lib/thumb/v7e-m+fp/hard\libc_nano.a(libc_a-mprec.o)
                0x08002a6e                __lo0bits
 .text.__i2b    0x08002ac8       0x2c C:/ST/STM32CubeCLT_1.16.0/GNU-tools-for-STM32/bin/../lib/gcc/arm-none-eabi/12.3.1/../../../../arm-none-eabi/lib/thumb/v7e-m+fp/hard\libc_nano.a(libc_a-mprec.o)
                0x08002ac8                __i2b
 .text.__multiply
                0x08002af4      0x154 C:/ST/STM32CubeCLT_1.16.0/GNU-tools-for-STM32/bin/../lib/gcc/arm-none-eabi/12.3.1/../../../../arm-none-eabi/lib/thumb/v7e-m+fp/hard\libc_nano.a(libc_a-mprec.o)
                0x08002af4                __multiply
 .text.__pow5mult
                0x08002c48       0xb4 C:/ST/STM32CubeCLT_1.16.0/GNU-tools-for-STM32/bin/../lib/gcc/arm-none-eabi/12.3.1/../../../../arm-none-eabi/lib/thumb/v7e-m+fp/hard\libc_nano.a(libc_a-mprec.o)
                0x08002c48                __pow5mult
 .text.__lshift
                0x08002cfc       0xd8 C:/ST/STM32CubeCLT_1.16.0/GNU-tools-for-STM32/bin/../lib/gcc/arm-none-eabi/12.3.1/../../../../arm-none-eabi/lib/thumb/v7e-m+fp/hard\libc_nano.a(libc_a-mprec.o)
                0x08002cfc                __lshift
 .text.__mcmp   0x08002dd4       0x36 C:/ST/STM32CubeCLT_1.16.0/GNU-tools-for-STM32/bin/../lib/gcc/arm-none-eabi/12.3.1/../../../../arm-none-eabi/lib/thumb/v7e-m+fp/hard\libc_nano.a(libc_a-mprec.o)
                0x08002dd4                __mcmp
 *fill*         0x08002e0a        0x2 
 .text.__mdiff  0x08002e0c      0x128 C:/ST/STM32CubeCLT_1.16.0/GNU-tools-for-STM32/bin/../lib/gcc/arm-none-eabi/12.3.1/../../../../arm-none-eabi/lib/thumb/v7e-m+fp/hard\libc_nano.a(libc_a-mprec.o)
                0x08002e0c                __mdiff
 .text.__d2b    0x08002f34       0xb0 C:/ST/STM32CubeCLT_1.16.0/GNU-tools-for-STM32/bin/../lib/gcc/arm-none-eabi/12.3.1/../../../../arm-none-eabi/lib/thumb/v7e-m+fp/hard\libc_nano.a(libc_a-mprec.o)
                0x08002f34                __d2b
 .text.__sflush_r
                0x08002fe4      0x108 C:/ST/STM32CubeCLT_1.16.0/GNU-tools-for-STM32/bin/../lib/gcc/arm-none-eabi/12.3.1/../../../../arm-none-eabi/lib/thumb/v7e-m+fp/hard\libc_nano.a(libc_a-fflush.o)
                0x08002fe4                __sflush_r
 .text._fflush_r
                0x080030ec       0x50 C:/ST/STM32CubeCLT_1.16.0/GNU-tools-for-STM32/bin/../lib/gcc/arm-none-eabi/12.3.1/../../../../arm-none-eabi/lib/thumb/v7e-m+fp/hard\libc_nano.a(libc_a-fflush.o)
                0x080030ec                _fflush_r
 .text._sbrk_r  0x0800313c       0x20 C:/ST/STM32CubeCLT_1.16.0/GNU-tools-for-STM32/bin/../lib/gcc/arm-none-eabi/12.3.1/../../../../arm-none-eabi/lib/thumb/v7e-m+fp/hard\libc_nano.a(libc_a-sbrkr.o)
                0x0800313c                _sbrk_r
 .text.memcpy   0x0800315c       0x1c C:/ST/STM32CubeCLT_1.16.0/GNU-tools-for-STM32/bin/../lib/gcc/arm-none-eabi/12.3.1/../../../../arm-none-eabi/lib/thumb/v7e-m+fp/hard\libc_nano.a(libc_a-memcpy-stub.o)
                0x0800315c                memcpy
 .text.__assert_func
                0x08003178       0x3c C:/ST/STM32CubeCLT_1.16.0/GNU-tools-for-STM32/bin/../lib/gcc/arm-none-eabi/12.3.1/../../../../arm-none-eabi/lib/thumb/v7e-m+fp/hard\libc_nano.a(libc_a-assert.o)
                0x08003178                __assert_func
 .text._calloc_r
                0x080031b4       0x28 C:/ST/STM32CubeCLT_1.16.0/GNU-tools-for-STM32/bin/../lib/gcc/arm-none-eabi/12.3.1/../../../../arm-none-eabi/lib/thumb/v7e-m+fp/hard\libc_nano.a(libc_a-callocr.o)
                0x080031b4                _calloc_r
 .text.__ascii_mbtowc
                0x080031dc       0x24 C:/ST/STM32CubeCLT_1.16.0/GNU-tools-for-STM32/bin/../lib/gcc/arm-none-eabi/12.3.1/../../../../arm-none-eabi/lib/thumb/v7e-m+fp/hard\libc_nano.a(libc_a-mbtowc_r.o)
                0x080031dc                __ascii_mbtowc
 .text.__ascii_wctomb
                0x08003200       0x1a C:/ST/STM32CubeCLT_1.16.0/GNU-tools-for-STM32/bin/../lib/gcc/arm-none-eabi/12.3.1/../../../../arm-none-eabi/lib/thumb/v7e-m+fp/hard\libc_nano.a(libc_a-wctomb_r.o)
                0x08003200                __ascii_wctomb
 *fill*         0x0800321a        0x2 
 .text.fprintf  0x0800321c       0x24 C:/ST/STM32CubeCLT_1.16.0/GNU-tools-for-STM32/bin/../lib/gcc/arm-none-eabi/12.3.1/../../../../arm-none-eabi/lib/thumb/v7e-m+fp/hard\libc_nano.a(libc_a-fprintf.o)
                0x0800321c                fiprintf
                0x0800321c                fprintf
 .text.abort    0x08003240        0xe C:/ST/STM32CubeCLT_1.16.0/GNU-tools-for-STM32/bin/../lib/gcc/arm-none-eabi/12.3.1/../../../../arm-none-eabi/lib/thumb/v7e-m+fp/hard\libc_nano.a(libc_a-abort.o)
                0x08003240                abort
 .text.__sfputc_r
                0x0800324e       0x2e C:/ST/STM32CubeCLT_1.16.0/GNU-tools-for-STM32/bin/../lib/gcc/arm-none-eabi/12.3.1/../../../../arm-none-eabi/lib/thumb/v7e-m+fp/hard\libc_nano.a(libc_a-nano-vfprintf.o)
 .text.__sfputs_r
                0x0800327c       0x24 C:/ST/STM32CubeCLT_1.16.0/GNU-tools-for-STM32/bin/../lib/gcc/arm-none-eabi/12.3.1/../../../../arm-none-eabi/lib/thumb/v7e-m+fp/hard\libc_nano.a(libc_a-nano-vfprintf.o)
                0x0800327c                __sfputs_r
 .text._vfprintf_r
                0x080032a0      0x230 C:/ST/STM32CubeCLT_1.16.0/GNU-tools-for-STM32/bin/../lib/gcc/arm-none-eabi/12.3.1/../../../../arm-none-eabi/lib/thumb/v7e-m+fp/hard\libc_nano.a(libc_a-nano-vfprintf.o)
                0x080032a0                _vfprintf_r
                0x080032a0                _vfiprintf_r
 .text.__swbuf_r
                0x080034d0       0x7c C:/ST/STM32CubeCLT_1.16.0/GNU-tools-for-STM32/bin/../lib/gcc/arm-none-eabi/12.3.1/../../../../arm-none-eabi/lib/thumb/v7e-m+fp/hard\libc_nano.a(libc_a-wbuf.o)
                0x080034d0                __swbuf_r
 .text.__swsetup_r
                0x0800354c       0xac C:/ST/STM32CubeCLT_1.16.0/GNU-tools-for-STM32/bin/../lib/gcc/arm-none-eabi/12.3.1/../../../../arm-none-eabi/lib/thumb/v7e-m+fp/hard\libc_nano.a(libc_a-wsetup.o)
                0x0800354c                __swsetup_r
 .text.memmove  0x080035f8       0x34 C:/ST/STM32CubeCLT_1.16.0/GNU-tools-for-STM32/bin/../lib/gcc/arm-none-eabi/12.3.1/../../../../arm-none-eabi/lib/thumb/v7e-m+fp/hard\libc_nano.a(libc_a-memmove.o)
                0x080035f8                memmove
 .text._raise_r
                0x0800362c       0x50 C:/ST/STM32CubeCLT_1.16.0/GNU-tools-for-STM32/bin/../lib/gcc/arm-none-eabi/12.3.1/../../../../arm-none-eabi/lib/thumb/v7e-m+fp/hard\libc_nano.a(libc_a-signal.o)
                0x0800362c                _raise_r
 .text.raise    0x0800367c       0x10 C:/ST/STM32CubeCLT_1.16.0/GNU-tools-for-STM32/bin/../lib/gcc/arm-none-eabi/12.3.1/../../../../arm-none-eabi/lib/thumb/v7e-m+fp/hard\libc_nano.a(libc_a-signal.o)
                0x0800367c                raise
 .text._kill_r  0x0800368c       0x24 C:/ST/STM32CubeCLT_1.16.0/GNU-tools-for-STM32/bin/../lib/gcc/arm-none-eabi/12.3.1/../../../../arm-none-eabi/lib/thumb/v7e-m+fp/hard\libc_nano.a(libc_a-signalr.o)
                0x0800368c                _kill_r
 .text._getpid_r
                0x080036b0        0x4 C:/ST/STM32CubeCLT_1.16.0/GNU-tools-for-STM32/bin/../lib/gcc/arm-none-eabi/12.3.1/../../../../arm-none-eabi/lib/thumb/v7e-m+fp/hard\libc_nano.a(libc_a-signalr.o)
                0x080036b0                _getpid_r
 .text._realloc_r
                0x080036b4       0x5c C:/ST/STM32CubeCLT_1.16.0/GNU-tools-for-STM32/bin/../lib/gcc/arm-none-eabi/12.3.1/../../../../arm-none-eabi/lib/thumb/v7e-m+fp/hard\libc_nano.a(libc_a-reallocr.o)
                0x080036b4                _realloc_r
 .text.__swhatbuf_r
                0x08003710       0x4c C:/ST/STM32CubeCLT_1.16.0/GNU-tools-for-STM32/bin/../lib/gcc/arm-none-eabi/12.3.1/../../../../arm-none-eabi/lib/thumb/v7e-m+fp/hard\libc_nano.a(libc_a-makebuf.o)
                0x08003710                __swhatbuf_r
 .text.__smakebuf_r
                0x0800375c       0x78 C:/ST/STM32CubeCLT_1.16.0/GNU-tools-for-STM32/bin/../lib/gcc/arm-none-eabi/12.3.1/../../../../arm-none-eabi/lib/thumb/v7e-m+fp/hard\libc_nano.a(libc_a-makebuf.o)
                0x0800375c                __smakebuf_r
 .text._fstat_r
                0x080037d4       0x24 C:/ST/STM32CubeCLT_1.16.0/GNU-tools-for-STM32/bin/../lib/gcc/arm-none-eabi/12.3.1/../../../../arm-none-eabi/lib/thumb/v7e-m+fp/hard\libc_nano.a(libc_a-fstatr.o)
                0x080037d4                _fstat_r
 .text._isatty_r
                0x080037f8       0x20 C:/ST/STM32CubeCLT_1.16.0/GNU-tools-for-STM32/bin/../lib/gcc/arm-none-eabi/12.3.1/../../../../arm-none-eabi/lib/thumb/v7e-m+fp/hard\libc_nano.a(libc_a-isattyr.o)
                0x080037f8                _isatty_r
 .text._malloc_usable_size_r
                0x08003818       0x10 C:/ST/STM32CubeCLT_1.16.0/GNU-tools-for-STM32/bin/../lib/gcc/arm-none-eabi/12.3.1/../../../../arm-none-eabi/lib/thumb/v7e-m+fp/hard\libc_nano.a(libc_a-msizer.o)
                0x08003818                _malloc_usable_size_r
 .text.HAL_ADCEx_Calibration_Start
                0x08003828       0x98 CMakeFiles/Linear_motor.dir/Drivers/STM32L4xx_HAL_Driver/Src/stm32l4xx_hal_adc_ex.c.obj
                0x08003828                HAL_ADCEx_Calibration_Start
 .text.HAL_ADCEx_InjectedConvCpltCallback
                0x080038c0        0x2 CMakeFiles/Linear_motor.dir/Drivers/STM32L4xx_HAL_Driver/Src/stm32l4xx_hal_adc_ex.c.obj
                0x080038c0                HAL_ADCEx_InjectedConvCpltCallback
 .text.HAL_ADCEx_InjectedQueueOverflowCallback
                0x080038c2        0x2 CMakeFiles/Linear_motor.dir/Drivers/STM32L4xx_HAL_Driver/Src/stm32l4xx_hal_adc_ex.c.obj
                0x080038c2                HAL_ADCEx_InjectedQueueOverflowCallback
 .text.HAL_ADCEx_LevelOutOfWindow2Callback
                0x080038c4        0x2 CMakeFiles/Linear_motor.dir/Drivers/STM32L4xx_HAL_Driver/Src/stm32l4xx_hal_adc_ex.c.obj
                0x080038c4                HAL_ADCEx_LevelOutOfWindow2Callback
 .text.HAL_ADCEx_LevelOutOfWindow3Callback
                0x080038c6        0x2 CMakeFiles/Linear_motor.dir/Drivers/STM32L4xx_HAL_Driver/Src/stm32l4xx_hal_adc_ex.c.obj
                0x080038c6                HAL_ADCEx_LevelOutOfWindow3Callback
 .text.HAL_ADCEx_EndOfSamplingCallback
                0x080038c8        0x2 CMakeFiles/Linear_motor.dir/Drivers/STM32L4xx_HAL_Driver/Src/stm32l4xx_hal_adc_ex.c.obj
                0x080038c8                HAL_ADCEx_EndOfSamplingCallback
 *fill*         0x080038ca        0x2 
 .text.HAL_ADCEx_MultiModeConfigChannel
                0x080038cc      0x138 CMakeFiles/Linear_motor.dir/Drivers/STM32L4xx_HAL_Driver/Src/stm32l4xx_hal_adc_ex.c.obj
                0x080038cc                HAL_ADCEx_MultiModeConfigChannel
 .text.LL_ADC_REG_SetSequencerRanks
                0x08003a04       0x30 CMakeFiles/Linear_motor.dir/Drivers/STM32L4xx_HAL_Driver/Src/stm32l4xx_hal_adc.c.obj
 .text.LL_ADC_SetChannelSamplingTime
                0x08003a34       0x2c CMakeFiles/Linear_motor.dir/Drivers/STM32L4xx_HAL_Driver/Src/stm32l4xx_hal_adc.c.obj
 .text.HAL_ADC_Init
                0x08003a60      0x1f8 CMakeFiles/Linear_motor.dir/Drivers/STM32L4xx_HAL_Driver/Src/stm32l4xx_hal_adc.c.obj
                0x08003a60                HAL_ADC_Init
 .text.HAL_ADC_ConvHalfCpltCallback
                0x08003c58        0x2 CMakeFiles/Linear_motor.dir/Drivers/STM32L4xx_HAL_Driver/Src/stm32l4xx_hal_adc.c.obj
                0x08003c58                HAL_ADC_ConvHalfCpltCallback
 .text.ADC_DMAHalfConvCplt
                0x08003c5a        0xa CMakeFiles/Linear_motor.dir/Drivers/STM32L4xx_HAL_Driver/Src/stm32l4xx_hal_adc.c.obj
                0x08003c5a                ADC_DMAHalfConvCplt
 .text.HAL_ADC_LevelOutOfWindowCallback
                0x08003c64        0x2 CMakeFiles/Linear_motor.dir/Drivers/STM32L4xx_HAL_Driver/Src/stm32l4xx_hal_adc.c.obj
                0x08003c64                HAL_ADC_LevelOutOfWindowCallback
 .text.HAL_ADC_ErrorCallback
                0x08003c66        0x2 CMakeFiles/Linear_motor.dir/Drivers/STM32L4xx_HAL_Driver/Src/stm32l4xx_hal_adc.c.obj
                0x08003c66                HAL_ADC_ErrorCallback
 .text.HAL_ADC_IRQHandler
                0x08003c68      0x29c CMakeFiles/Linear_motor.dir/Drivers/STM32L4xx_HAL_Driver/Src/stm32l4xx_hal_adc.c.obj
                0x08003c68                HAL_ADC_IRQHandler
 .text.ADC_DMAConvCplt
                0x08003f04       0x88 CMakeFiles/Linear_motor.dir/Drivers/STM32L4xx_HAL_Driver/Src/stm32l4xx_hal_adc.c.obj
                0x08003f04                ADC_DMAConvCplt
 .text.ADC_DMAError
                0x08003f8c       0x1a CMakeFiles/Linear_motor.dir/Drivers/STM32L4xx_HAL_Driver/Src/stm32l4xx_hal_adc.c.obj
                0x08003f8c                ADC_DMAError
 *fill*         0x08003fa6        0x2 
 .text.HAL_ADC_ConfigChannel
                0x08003fa8      0x440 CMakeFiles/Linear_motor.dir/Drivers/STM32L4xx_HAL_Driver/Src/stm32l4xx_hal_adc.c.obj
                0x08003fa8                HAL_ADC_ConfigChannel
 .text.ADC_Enable
                0x080043e8       0xdc CMakeFiles/Linear_motor.dir/Drivers/STM32L4xx_HAL_Driver/Src/stm32l4xx_hal_adc.c.obj
                0x080043e8                ADC_Enable
 .text.HAL_ADC_Start_DMA
                0x080044c4      0x118 CMakeFiles/Linear_motor.dir/Drivers/STM32L4xx_HAL_Driver/Src/stm32l4xx_hal_adc.c.obj
                0x080044c4                HAL_ADC_Start_DMA
 .text.ADC_Disable
                0x080045dc       0x94 CMakeFiles/Linear_motor.dir/Drivers/STM32L4xx_HAL_Driver/Src/stm32l4xx_hal_adc.c.obj
                0x080045dc                ADC_Disable
 .text.__NVIC_EnableIRQ
                0x08004670       0x1c CMakeFiles/Linear_motor.dir/Drivers/STM32L4xx_HAL_Driver/Src/stm32l4xx_hal_cortex.c.obj
 .text.__NVIC_SetPriority
                0x0800468c       0x28 CMakeFiles/Linear_motor.dir/Drivers/STM32L4xx_HAL_Driver/Src/stm32l4xx_hal_cortex.c.obj
 .text.NVIC_EncodePriority
                0x080046b4       0x3e CMakeFiles/Linear_motor.dir/Drivers/STM32L4xx_HAL_Driver/Src/stm32l4xx_hal_cortex.c.obj
 *fill*         0x080046f2        0x2 
 .text.HAL_NVIC_SetPriorityGrouping
                0x080046f4       0x24 CMakeFiles/Linear_motor.dir/Drivers/STM32L4xx_HAL_Driver/Src/stm32l4xx_hal_cortex.c.obj
                0x080046f4                HAL_NVIC_SetPriorityGrouping
 .text.HAL_NVIC_SetPriority
                0x08004718       0x20 CMakeFiles/Linear_motor.dir/Drivers/STM32L4xx_HAL_Driver/Src/stm32l4xx_hal_cortex.c.obj
                0x08004718                HAL_NVIC_SetPriority
 .text.HAL_NVIC_EnableIRQ
                0x08004738        0x8 CMakeFiles/Linear_motor.dir/Drivers/STM32L4xx_HAL_Driver/Src/stm32l4xx_hal_cortex.c.obj
                0x08004738                HAL_NVIC_EnableIRQ
 .text.HAL_SYSTICK_Config
                0x08004740       0x28 CMakeFiles/Linear_motor.dir/Drivers/STM32L4xx_HAL_Driver/Src/stm32l4xx_hal_cortex.c.obj
                0x08004740                HAL_SYSTICK_Config
 .text.DMA_SetConfig
                0x08004768       0x32 CMakeFiles/Linear_motor.dir/Drivers/STM32L4xx_HAL_Driver/Src/stm32l4xx_hal_dma.c.obj
 *fill*         0x0800479a        0x2 
 .text.HAL_DMA_Init
                0x0800479c      0x108 CMakeFiles/Linear_motor.dir/Drivers/STM32L4xx_HAL_Driver/Src/stm32l4xx_hal_dma.c.obj
                0x0800479c                HAL_DMA_Init
 .text.HAL_DMA_Start_IT
                0x080048a4       0x76 CMakeFiles/Linear_motor.dir/Drivers/STM32L4xx_HAL_Driver/Src/stm32l4xx_hal_dma.c.obj
                0x080048a4                HAL_DMA_Start_IT
 .text.HAL_DMA_Abort
                0x0800491a       0x4a CMakeFiles/Linear_motor.dir/Drivers/STM32L4xx_HAL_Driver/Src/stm32l4xx_hal_dma.c.obj
                0x0800491a                HAL_DMA_Abort
 .text.HAL_DMA_Abort_IT
                0x08004964       0x50 CMakeFiles/Linear_motor.dir/Drivers/STM32L4xx_HAL_Driver/Src/stm32l4xx_hal_dma.c.obj
                0x08004964                HAL_DMA_Abort_IT
 .text.HAL_DMA_IRQHandler
                0x080049b4       0xc4 CMakeFiles/Linear_motor.dir/Drivers/STM32L4xx_HAL_Driver/Src/stm32l4xx_hal_dma.c.obj
                0x080049b4                HAL_DMA_IRQHandler
 .text.HAL_GPIO_Init
                0x08004a78      0x200 CMakeFiles/Linear_motor.dir/Drivers/STM32L4xx_HAL_Driver/Src/stm32l4xx_hal_gpio.c.obj
                0x08004a78                HAL_GPIO_Init
 .text.HAL_GPIO_WritePin
                0x08004c78        0xa CMakeFiles/Linear_motor.dir/Drivers/STM32L4xx_HAL_Driver/Src/stm32l4xx_hal_gpio.c.obj
                0x08004c78                HAL_GPIO_WritePin
 .text.HAL_GPIO_TogglePin
                0x08004c82       0x12 CMakeFiles/Linear_motor.dir/Drivers/STM32L4xx_HAL_Driver/Src/stm32l4xx_hal_gpio.c.obj
                0x08004c82                HAL_GPIO_TogglePin
 .text.HAL_I2CEx_ConfigAnalogFilter
                0x08004c94       0x5c CMakeFiles/Linear_motor.dir/Drivers/STM32L4xx_HAL_Driver/Src/stm32l4xx_hal_i2c_ex.c.obj
                0x08004c94                HAL_I2CEx_ConfigAnalogFilter
 .text.HAL_I2CEx_ConfigDigitalFilter
                0x08004cf0       0x58 CMakeFiles/Linear_motor.dir/Drivers/STM32L4xx_HAL_Driver/Src/stm32l4xx_hal_i2c_ex.c.obj
                0x08004cf0                HAL_I2CEx_ConfigDigitalFilter
 .text.HAL_I2C_Init
                0x08004d48       0xc8 CMakeFiles/Linear_motor.dir/Drivers/STM32L4xx_HAL_Driver/Src/stm32l4xx_hal_i2c.c.obj
                0x08004d48                HAL_I2C_Init
 .text.HAL_PWREx_GetVoltageRange
                0x08004e10       0x10 CMakeFiles/Linear_motor.dir/Drivers/STM32L4xx_HAL_Driver/Src/stm32l4xx_hal_pwr_ex.c.obj
                0x08004e10                HAL_PWREx_GetVoltageRange
 .text.HAL_PWREx_ControlVoltageScaling
                0x08004e20       0x90 CMakeFiles/Linear_motor.dir/Drivers/STM32L4xx_HAL_Driver/Src/stm32l4xx_hal_pwr_ex.c.obj
                0x08004e20                HAL_PWREx_ControlVoltageScaling
 .text.RCCEx_PLLSAI1_Config
                0x08004eb0      0x170 CMakeFiles/Linear_motor.dir/Drivers/STM32L4xx_HAL_Driver/Src/stm32l4xx_hal_rcc_ex.c.obj
 .text.RCCEx_PLLSAI2_Config
                0x08005020      0x14c CMakeFiles/Linear_motor.dir/Drivers/STM32L4xx_HAL_Driver/Src/stm32l4xx_hal_rcc_ex.c.obj
 .text.HAL_RCCEx_PeriphCLKConfig
                0x0800516c      0x454 CMakeFiles/Linear_motor.dir/Drivers/STM32L4xx_HAL_Driver/Src/stm32l4xx_hal_rcc_ex.c.obj
                0x0800516c                HAL_RCCEx_PeriphCLKConfig
 .text.RCC_SetFlashLatencyFromMSIRange
                0x080055c0       0x90 CMakeFiles/Linear_motor.dir/Drivers/STM32L4xx_HAL_Driver/Src/stm32l4xx_hal_rcc.c.obj
 .text.HAL_RCC_GetSysClockFreq
                0x08005650       0xb4 CMakeFiles/Linear_motor.dir/Drivers/STM32L4xx_HAL_Driver/Src/stm32l4xx_hal_rcc.c.obj
                0x08005650                HAL_RCC_GetSysClockFreq
 .text.HAL_RCC_OscConfig
                0x08005704      0x61c CMakeFiles/Linear_motor.dir/Drivers/STM32L4xx_HAL_Driver/Src/stm32l4xx_hal_rcc.c.obj
                0x08005704                HAL_RCC_OscConfig
 .text.HAL_RCC_ClockConfig
                0x08005d20      0x188 CMakeFiles/Linear_motor.dir/Drivers/STM32L4xx_HAL_Driver/Src/stm32l4xx_hal_rcc.c.obj
                0x08005d20                HAL_RCC_ClockConfig
 .text.HAL_RCC_GetHCLKFreq
                0x08005ea8        0xc CMakeFiles/Linear_motor.dir/Drivers/STM32L4xx_HAL_Driver/Src/stm32l4xx_hal_rcc.c.obj
                0x08005ea8                HAL_RCC_GetHCLKFreq
 .text.HAL_RCC_GetPCLK1Freq
                0x08005eb4       0x24 CMakeFiles/Linear_motor.dir/Drivers/STM32L4xx_HAL_Driver/Src/stm32l4xx_hal_rcc.c.obj
                0x08005eb4                HAL_RCC_GetPCLK1Freq
 .text.HAL_RCC_GetPCLK2Freq
                0x08005ed8       0x24 CMakeFiles/Linear_motor.dir/Drivers/STM32L4xx_HAL_Driver/Src/stm32l4xx_hal_rcc.c.obj
                0x08005ed8                HAL_RCC_GetPCLK2Freq
 .text.HAL_TIMEx_MasterConfigSynchronization
                0x08005efc       0x98 CMakeFiles/Linear_motor.dir/Drivers/STM32L4xx_HAL_Driver/Src/stm32l4xx_hal_tim_ex.c.obj
                0x08005efc                HAL_TIMEx_MasterConfigSynchronization
 .text.HAL_TIMEx_ConfigBreakDeadTime
                0x08005f94       0x90 CMakeFiles/Linear_motor.dir/Drivers/STM32L4xx_HAL_Driver/Src/stm32l4xx_hal_tim_ex.c.obj
                0x08005f94                HAL_TIMEx_ConfigBreakDeadTime
 .text.HAL_TIMEx_CommutCallback
                0x08006024        0x2 CMakeFiles/Linear_motor.dir/Drivers/STM32L4xx_HAL_Driver/Src/stm32l4xx_hal_tim_ex.c.obj
                0x08006024                HAL_TIMEx_CommutCallback
 .text.HAL_TIMEx_BreakCallback
                0x08006026        0x2 CMakeFiles/Linear_motor.dir/Drivers/STM32L4xx_HAL_Driver/Src/stm32l4xx_hal_tim_ex.c.obj
                0x08006026                HAL_TIMEx_BreakCallback
 .text.HAL_TIMEx_Break2Callback
                0x08006028        0x2 CMakeFiles/Linear_motor.dir/Drivers/STM32L4xx_HAL_Driver/Src/stm32l4xx_hal_tim_ex.c.obj
                0x08006028                HAL_TIMEx_Break2Callback
 *fill*         0x0800602a        0x2 
 .text.TIM_OC1_SetConfig
                0x0800602c       0x9c CMakeFiles/Linear_motor.dir/Drivers/STM32L4xx_HAL_Driver/Src/stm32l4xx_hal_tim.c.obj
 .text.TIM_OC3_SetConfig
                0x080060c8       0x8c CMakeFiles/Linear_motor.dir/Drivers/STM32L4xx_HAL_Driver/Src/stm32l4xx_hal_tim.c.obj
 .text.TIM_OC4_SetConfig
                0x08006154       0x6c CMakeFiles/Linear_motor.dir/Drivers/STM32L4xx_HAL_Driver/Src/stm32l4xx_hal_tim.c.obj
 .text.TIM_OC5_SetConfig
                0x080061c0       0x68 CMakeFiles/Linear_motor.dir/Drivers/STM32L4xx_HAL_Driver/Src/stm32l4xx_hal_tim.c.obj
 .text.TIM_OC6_SetConfig
                0x08006228       0x6c CMakeFiles/Linear_motor.dir/Drivers/STM32L4xx_HAL_Driver/Src/stm32l4xx_hal_tim.c.obj
 .text.TIM_TI1_ConfigInputStage
                0x08006294       0x26 CMakeFiles/Linear_motor.dir/Drivers/STM32L4xx_HAL_Driver/Src/stm32l4xx_hal_tim.c.obj
 .text.TIM_TI2_SetConfig
                0x080062ba       0x36 CMakeFiles/Linear_motor.dir/Drivers/STM32L4xx_HAL_Driver/Src/stm32l4xx_hal_tim.c.obj
 .text.TIM_TI2_ConfigInputStage
                0x080062f0       0x28 CMakeFiles/Linear_motor.dir/Drivers/STM32L4xx_HAL_Driver/Src/stm32l4xx_hal_tim.c.obj
 .text.TIM_TI3_SetConfig
                0x08006318       0x36 CMakeFiles/Linear_motor.dir/Drivers/STM32L4xx_HAL_Driver/Src/stm32l4xx_hal_tim.c.obj
 .text.TIM_TI4_SetConfig
                0x0800634e       0x36 CMakeFiles/Linear_motor.dir/Drivers/STM32L4xx_HAL_Driver/Src/stm32l4xx_hal_tim.c.obj
 .text.TIM_ITRx_SetConfig
                0x08006384       0x10 CMakeFiles/Linear_motor.dir/Drivers/STM32L4xx_HAL_Driver/Src/stm32l4xx_hal_tim.c.obj
 .text.HAL_TIM_PWM_MspInit
                0x08006394        0x2 CMakeFiles/Linear_motor.dir/Drivers/STM32L4xx_HAL_Driver/Src/stm32l4xx_hal_tim.c.obj
                0x08006394                HAL_TIM_PWM_MspInit
 .text.HAL_TIM_IC_MspInit
                0x08006396        0x2 CMakeFiles/Linear_motor.dir/Drivers/STM32L4xx_HAL_Driver/Src/stm32l4xx_hal_tim.c.obj
                0x08006396                HAL_TIM_IC_MspInit
 .text.HAL_TIM_ReadCapturedValue
                0x08006398       0x32 CMakeFiles/Linear_motor.dir/Drivers/STM32L4xx_HAL_Driver/Src/stm32l4xx_hal_tim.c.obj
                0x08006398                HAL_TIM_ReadCapturedValue
 .text.HAL_TIM_PeriodElapsedCallback
                0x080063ca        0x2 CMakeFiles/Linear_motor.dir/Drivers/STM32L4xx_HAL_Driver/Src/stm32l4xx_hal_tim.c.obj
                0x080063ca                HAL_TIM_PeriodElapsedCallback
 .text.HAL_TIM_OC_DelayElapsedCallback
                0x080063cc        0x2 CMakeFiles/Linear_motor.dir/Drivers/STM32L4xx_HAL_Driver/Src/stm32l4xx_hal_tim.c.obj
                0x080063cc                HAL_TIM_OC_DelayElapsedCallback
 .text.HAL_TIM_IC_CaptureCallback
                0x080063ce        0x2 CMakeFiles/Linear_motor.dir/Drivers/STM32L4xx_HAL_Driver/Src/stm32l4xx_hal_tim.c.obj
                0x080063ce                HAL_TIM_IC_CaptureCallback
 .text.HAL_TIM_PWM_PulseFinishedCallback
                0x080063d0        0x2 CMakeFiles/Linear_motor.dir/Drivers/STM32L4xx_HAL_Driver/Src/stm32l4xx_hal_tim.c.obj
                0x080063d0                HAL_TIM_PWM_PulseFinishedCallback
 .text.HAL_TIM_TriggerCallback
                0x080063d2        0x2 CMakeFiles/Linear_motor.dir/Drivers/STM32L4xx_HAL_Driver/Src/stm32l4xx_hal_tim.c.obj
                0x080063d2                HAL_TIM_TriggerCallback
 .text.HAL_TIM_IRQHandler
                0x080063d4      0x17a CMakeFiles/Linear_motor.dir/Drivers/STM32L4xx_HAL_Driver/Src/stm32l4xx_hal_tim.c.obj
                0x080063d4                HAL_TIM_IRQHandler
 *fill*         0x0800654e        0x2 
 .text.TIM_Base_SetConfig
                0x08006550       0xc8 CMakeFiles/Linear_motor.dir/Drivers/STM32L4xx_HAL_Driver/Src/stm32l4xx_hal_tim.c.obj
                0x08006550                TIM_Base_SetConfig
 .text.HAL_TIM_Base_Init
                0x08006618       0x60 CMakeFiles/Linear_motor.dir/Drivers/STM32L4xx_HAL_Driver/Src/stm32l4xx_hal_tim.c.obj
                0x08006618                HAL_TIM_Base_Init
 .text.HAL_TIM_PWM_Init
                0x08006678       0x60 CMakeFiles/Linear_motor.dir/Drivers/STM32L4xx_HAL_Driver/Src/stm32l4xx_hal_tim.c.obj
                0x08006678                HAL_TIM_PWM_Init
 .text.HAL_TIM_IC_Init
                0x080066d8       0x60 CMakeFiles/Linear_motor.dir/Drivers/STM32L4xx_HAL_Driver/Src/stm32l4xx_hal_tim.c.obj
                0x080066d8                HAL_TIM_IC_Init
 .text.TIM_OC2_SetConfig
                0x08006738       0x8c CMakeFiles/Linear_motor.dir/Drivers/STM32L4xx_HAL_Driver/Src/stm32l4xx_hal_tim.c.obj
                0x08006738                TIM_OC2_SetConfig
 .text.HAL_TIM_PWM_ConfigChannel
                0x080067c4      0x13a CMakeFiles/Linear_motor.dir/Drivers/STM32L4xx_HAL_Driver/Src/stm32l4xx_hal_tim.c.obj
                0x080067c4                HAL_TIM_PWM_ConfigChannel
 *fill*         0x080068fe        0x2 
 .text.TIM_TI1_SetConfig
                0x08006900       0x74 CMakeFiles/Linear_motor.dir/Drivers/STM32L4xx_HAL_Driver/Src/stm32l4xx_hal_tim.c.obj
                0x08006900                TIM_TI1_SetConfig
 .text.HAL_TIM_IC_ConfigChannel
                0x08006974       0xc4 CMakeFiles/Linear_motor.dir/Drivers/STM32L4xx_HAL_Driver/Src/stm32l4xx_hal_tim.c.obj
                0x08006974                HAL_TIM_IC_ConfigChannel
 .text.TIM_ETR_SetConfig
                0x08006a38       0x1a CMakeFiles/Linear_motor.dir/Drivers/STM32L4xx_HAL_Driver/Src/stm32l4xx_hal_tim.c.obj
                0x08006a38                TIM_ETR_SetConfig
 *fill*         0x08006a52        0x2 
 .text.HAL_TIM_ConfigClockSource
                0x08006a54      0x100 CMakeFiles/Linear_motor.dir/Drivers/STM32L4xx_HAL_Driver/Src/stm32l4xx_hal_tim.c.obj
                0x08006a54                HAL_TIM_ConfigClockSource
 .text.TIM_CCxChannelCmd
                0x08006b54       0x1e CMakeFiles/Linear_motor.dir/Drivers/STM32L4xx_HAL_Driver/Src/stm32l4xx_hal_tim.c.obj
                0x08006b54                TIM_CCxChannelCmd
 *fill*         0x08006b72        0x2 
 .text.HAL_TIM_PWM_Start
                0x08006b74      0x168 CMakeFiles/Linear_motor.dir/Drivers/STM32L4xx_HAL_Driver/Src/stm32l4xx_hal_tim.c.obj
                0x08006b74                HAL_TIM_PWM_Start
 .text.HAL_TIM_IC_Start
                0x08006cdc      0x164 CMakeFiles/Linear_motor.dir/Drivers/STM32L4xx_HAL_Driver/Src/stm32l4xx_hal_tim.c.obj
                0x08006cdc                HAL_TIM_IC_Start
 .text.HAL_UARTEx_WakeupCallback
                0x08006e40        0x2 CMakeFiles/Linear_motor.dir/Drivers/STM32L4xx_HAL_Driver/Src/stm32l4xx_hal_uart_ex.c.obj
                0x08006e40                HAL_UARTEx_WakeupCallback
 .text.UART_EndTxTransfer
                0x08006e42       0x18 CMakeFiles/Linear_motor.dir/Drivers/STM32L4xx_HAL_Driver/Src/stm32l4xx_hal_uart.c.obj
 .text.UART_EndRxTransfer
                0x08006e5a       0x52 CMakeFiles/Linear_motor.dir/Drivers/STM32L4xx_HAL_Driver/Src/stm32l4xx_hal_uart.c.obj
 .text.HAL_UART_Transmit_DMA
                0x08006eac       0x98 CMakeFiles/Linear_motor.dir/Drivers/STM32L4xx_HAL_Driver/Src/stm32l4xx_hal_uart.c.obj
                0x08006eac                HAL_UART_Transmit_DMA
 .text.HAL_UART_TxCpltCallback
                0x08006f44        0x2 CMakeFiles/Linear_motor.dir/Drivers/STM32L4xx_HAL_Driver/Src/stm32l4xx_hal_uart.c.obj
                0x08006f44                HAL_UART_TxCpltCallback
 .text.UART_DMATransmitCplt
                0x08006f46       0x48 CMakeFiles/Linear_motor.dir/Drivers/STM32L4xx_HAL_Driver/Src/stm32l4xx_hal_uart.c.obj
 .text.UART_EndTransmit_IT
                0x08006f8e       0x22 CMakeFiles/Linear_motor.dir/Drivers/STM32L4xx_HAL_Driver/Src/stm32l4xx_hal_uart.c.obj
 .text.HAL_UART_TxHalfCpltCallback
                0x08006fb0        0x2 CMakeFiles/Linear_motor.dir/Drivers/STM32L4xx_HAL_Driver/Src/stm32l4xx_hal_uart.c.obj
                0x08006fb0                HAL_UART_TxHalfCpltCallback
 .text.UART_DMATxHalfCplt
                0x08006fb2        0xa CMakeFiles/Linear_motor.dir/Drivers/STM32L4xx_HAL_Driver/Src/stm32l4xx_hal_uart.c.obj
 .text.HAL_UART_ErrorCallback
                0x08006fbc        0x2 CMakeFiles/Linear_motor.dir/Drivers/STM32L4xx_HAL_Driver/Src/stm32l4xx_hal_uart.c.obj
                0x08006fbc                HAL_UART_ErrorCallback
 .text.UART_DMAError
                0x08006fbe       0x56 CMakeFiles/Linear_motor.dir/Drivers/STM32L4xx_HAL_Driver/Src/stm32l4xx_hal_uart.c.obj
 .text.UART_DMAAbortOnError
                0x08007014       0x14 CMakeFiles/Linear_motor.dir/Drivers/STM32L4xx_HAL_Driver/Src/stm32l4xx_hal_uart.c.obj
 .text.HAL_UARTEx_RxEventCallback
                0x08007028        0x2 CMakeFiles/Linear_motor.dir/Drivers/STM32L4xx_HAL_Driver/Src/stm32l4xx_hal_uart.c.obj
                0x08007028                HAL_UARTEx_RxEventCallback
 *fill*         0x0800702a        0x2 
 .text.HAL_UART_IRQHandler
                0x0800702c      0x2ec CMakeFiles/Linear_motor.dir/Drivers/STM32L4xx_HAL_Driver/Src/stm32l4xx_hal_uart.c.obj
                0x0800702c                HAL_UART_IRQHandler
 .text.UART_RxISR_8BIT
                0x08007318       0xdc CMakeFiles/Linear_motor.dir/Drivers/STM32L4xx_HAL_Driver/Src/stm32l4xx_hal_uart.c.obj
 .text.UART_RxISR_16BIT
                0x080073f4       0xdc CMakeFiles/Linear_motor.dir/Drivers/STM32L4xx_HAL_Driver/Src/stm32l4xx_hal_uart.c.obj
 .text.UART_SetConfig
                0x080074d0      0x328 CMakeFiles/Linear_motor.dir/Drivers/STM32L4xx_HAL_Driver/Src/stm32l4xx_hal_uart.c.obj
                0x080074d0                UART_SetConfig
 .text.UART_AdvFeatureConfig
                0x080077f8       0xca CMakeFiles/Linear_motor.dir/Drivers/STM32L4xx_HAL_Driver/Src/stm32l4xx_hal_uart.c.obj
                0x080077f8                UART_AdvFeatureConfig
 .text.UART_WaitOnFlagUntilTimeout
                0x080078c2       0x96 CMakeFiles/Linear_motor.dir/Drivers/STM32L4xx_HAL_Driver/Src/stm32l4xx_hal_uart.c.obj
                0x080078c2                UART_WaitOnFlagUntilTimeout
 .text.HAL_UART_Transmit
                0x08007958       0xc8 CMakeFiles/Linear_motor.dir/Drivers/STM32L4xx_HAL_Driver/Src/stm32l4xx_hal_uart.c.obj
                0x08007958                HAL_UART_Transmit
 .text.HAL_UART_Receive
                0x08007a20      0x118 CMakeFiles/Linear_motor.dir/Drivers/STM32L4xx_HAL_Driver/Src/stm32l4xx_hal_uart.c.obj
                0x08007a20                HAL_UART_Receive
 .text.UART_CheckIdleState
                0x08007b38       0xc6 CMakeFiles/Linear_motor.dir/Drivers/STM32L4xx_HAL_Driver/Src/stm32l4xx_hal_uart.c.obj
                0x08007b38                UART_CheckIdleState
 .text.HAL_UART_Init
                0x08007bfe       0x62 CMakeFiles/Linear_motor.dir/Drivers/STM32L4xx_HAL_Driver/Src/stm32l4xx_hal_uart.c.obj
                0x08007bfe                HAL_UART_Init
 .text.HAL_HalfDuplex_Init
                0x08007c60       0x6e CMakeFiles/Linear_motor.dir/Drivers/STM32L4xx_HAL_Driver/Src/stm32l4xx_hal_uart.c.obj
                0x08007c60                HAL_HalfDuplex_Init
 *fill*         0x08007cce        0x2 
 .text.UART_Start_Receive_IT
                0x08007cd0       0xd4 CMakeFiles/Linear_motor.dir/Drivers/STM32L4xx_HAL_Driver/Src/stm32l4xx_hal_uart.c.obj
                0x08007cd0                UART_Start_Receive_IT
 .text.HAL_UART_Receive_IT
                0x08007da4       0x4c CMakeFiles/Linear_motor.dir/Drivers/STM32L4xx_HAL_Driver/Src/stm32l4xx_hal_uart.c.obj
                0x08007da4                HAL_UART_Receive_IT
 .text.HAL_InitTick
                0x08007df0       0x50 CMakeFiles/Linear_motor.dir/Drivers/STM32L4xx_HAL_Driver/Src/stm32l4xx_hal.c.obj
                0x08007df0                HAL_InitTick
 .text.HAL_Init
                0x08007e40       0x2c CMakeFiles/Linear_motor.dir/Drivers/STM32L4xx_HAL_Driver/Src/stm32l4xx_hal.c.obj
                0x08007e40                HAL_Init
 .text.HAL_IncTick
                0x08007e6c       0x18 CMakeFiles/Linear_motor.dir/Drivers/STM32L4xx_HAL_Driver/Src/stm32l4xx_hal.c.obj
                0x08007e6c                HAL_IncTick
 .text.HAL_GetTick
                0x08007e84        0xc CMakeFiles/Linear_motor.dir/Drivers/STM32L4xx_HAL_Driver/Src/stm32l4xx_hal.c.obj
                0x08007e84                HAL_GetTick
 .text.HAL_Delay
                0x08007e90       0x28 CMakeFiles/Linear_motor.dir/Drivers/STM32L4xx_HAL_Driver/Src/stm32l4xx_hal.c.obj
                0x08007e90                HAL_Delay
 .text.HAL_MspInit
                0x08007eb8       0x30 CMakeFiles/Linear_motor.dir/Core/Src/stm32l4xx_hal_msp.c.obj
                0x08007eb8                HAL_MspInit
 .text.NMI_Handler
                0x08007ee8        0x2 CMakeFiles/Linear_motor.dir/Core/Src/stm32l4xx_it.c.obj
                0x08007ee8                NMI_Handler
 .text.HardFault_Handler
                0x08007eea        0x2 CMakeFiles/Linear_motor.dir/Core/Src/stm32l4xx_it.c.obj
                0x08007eea                HardFault_Handler
 .text.MemManage_Handler
                0x08007eec        0x2 CMakeFiles/Linear_motor.dir/Core/Src/stm32l4xx_it.c.obj
                0x08007eec                MemManage_Handler
 .text.BusFault_Handler
                0x08007eee        0x2 CMakeFiles/Linear_motor.dir/Core/Src/stm32l4xx_it.c.obj
                0x08007eee                BusFault_Handler
 .text.UsageFault_Handler
                0x08007ef0        0x2 CMakeFiles/Linear_motor.dir/Core/Src/stm32l4xx_it.c.obj
                0x08007ef0                UsageFault_Handler
 .text.SVC_Handler
                0x08007ef2        0x2 CMakeFiles/Linear_motor.dir/Core/Src/stm32l4xx_it.c.obj
                0x08007ef2                SVC_Handler
 .text.DebugMon_Handler
                0x08007ef4        0x2 CMakeFiles/Linear_motor.dir/Core/Src/stm32l4xx_it.c.obj
                0x08007ef4                DebugMon_Handler
 .text.PendSV_Handler
                0x08007ef6        0x2 CMakeFiles/Linear_motor.dir/Core/Src/stm32l4xx_it.c.obj
                0x08007ef6                PendSV_Handler
 .text.SysTick_Handler
                0x08007ef8        0x8 CMakeFiles/Linear_motor.dir/Core/Src/stm32l4xx_it.c.obj
                0x08007ef8                SysTick_Handler
 .text.DMA1_Channel1_IRQHandler
                0x08007f00       0x10 CMakeFiles/Linear_motor.dir/Core/Src/stm32l4xx_it.c.obj
                0x08007f00                DMA1_Channel1_IRQHandler
 .text.DMA1_Channel3_IRQHandler
                0x08007f10       0x10 CMakeFiles/Linear_motor.dir/Core/Src/stm32l4xx_it.c.obj
                0x08007f10                DMA1_Channel3_IRQHandler
 .text.DMA1_Channel7_IRQHandler
                0x08007f20       0x10 CMakeFiles/Linear_motor.dir/Core/Src/stm32l4xx_it.c.obj
                0x08007f20                DMA1_Channel7_IRQHandler
 .text.ADC1_2_IRQHandler
                0x08007f30       0x10 CMakeFiles/Linear_motor.dir/Core/Src/stm32l4xx_it.c.obj
                0x08007f30                ADC1_2_IRQHandler
 .text.TIM3_IRQHandler
                0x08007f40       0x10 CMakeFiles/Linear_motor.dir/Core/Src/stm32l4xx_it.c.obj
                0x08007f40                TIM3_IRQHandler
 .text.TIM4_IRQHandler
                0x08007f50       0x10 CMakeFiles/Linear_motor.dir/Core/Src/stm32l4xx_it.c.obj
                0x08007f50                TIM4_IRQHandler
 .text.USART2_IRQHandler
                0x08007f60       0x10 CMakeFiles/Linear_motor.dir/Core/Src/stm32l4xx_it.c.obj
                0x08007f60                USART2_IRQHandler
 .text.ADC3_IRQHandler
                0x08007f70       0x10 CMakeFiles/Linear_motor.dir/Core/Src/stm32l4xx_it.c.obj
                0x08007f70                ADC3_IRQHandler
 .text.SystemInit
                0x08007f80       0x14 CMakeFiles/Linear_motor.dir/Core/Src/system_stm32l4xx.c.obj
                0x08007f80                SystemInit
 .text._getpid  0x08007f94        0x4 CMakeFiles/Linear_motor.dir/Core/Src/syscalls.c.obj
                0x08007f94                _getpid
 .text._kill    0x08007f98       0x10 CMakeFiles/Linear_motor.dir/Core/Src/syscalls.c.obj
                0x08007f98                _kill
 .text._exit    0x08007fa8        0xc CMakeFiles/Linear_motor.dir/Core/Src/syscalls.c.obj
                0x08007fa8                _exit
 .text._read    0x08007fb4       0x20 CMakeFiles/Linear_motor.dir/Core/Src/syscalls.c.obj
                0x08007fb4                _read
 .text._write   0x08007fd4       0x1c CMakeFiles/Linear_motor.dir/Core/Src/syscalls.c.obj
                0x08007fd4                _write
 .text._close   0x08007ff0        0x6 CMakeFiles/Linear_motor.dir/Core/Src/syscalls.c.obj
                0x08007ff0                _close
 .text._fstat   0x08007ff6        0xa CMakeFiles/Linear_motor.dir/Core/Src/syscalls.c.obj
                0x08007ff6                _fstat
 .text._isatty  0x08008000        0x4 CMakeFiles/Linear_motor.dir/Core/Src/syscalls.c.obj
                0x08008000                _isatty
 .text._lseek   0x08008004        0x4 CMakeFiles/Linear_motor.dir/Core/Src/syscalls.c.obj
                0x08008004                _lseek
 .text._sbrk    0x08008008       0x48 CMakeFiles/Linear_motor.dir/Core/Src/sysmem.c.obj
                0x08008008                _sbrk
 .text.Reset_Handler
                0x08008050       0x50 CMakeFiles/Linear_motor.dir/Core/Startup/startup_stm32l476rgtx.s.obj
                0x08008050                Reset_Handler
 .text.Default_Handler
                0x080080a0        0x2 CMakeFiles/Linear_motor.dir/Core/Startup/startup_stm32l476rgtx.s.obj
                0x080080a0                RTC_Alarm_IRQHandler
                0x080080a0                EXTI2_IRQHandler
                0x080080a0                TIM8_TRG_COM_IRQHandler
                0x080080a0                TIM8_CC_IRQHandler
                0x080080a0                TIM1_CC_IRQHandler
                0x080080a0                TSC_IRQHandler
                0x080080a0                TAMP_STAMP_IRQHandler
                0x080080a0                EXTI3_IRQHandler
                0x080080a0                LPTIM2_IRQHandler
                0x080080a0                DFSDM1_FLT1_IRQHandler
                0x080080a0                I2C3_ER_IRQHandler
                0x080080a0                DFSDM1_FLT2_IRQHandler
                0x080080a0                EXTI0_IRQHandler
                0x080080a0                I2C2_EV_IRQHandler
                0x080080a0                CAN1_RX0_IRQHandler
                0x080080a0                FPU_IRQHandler
                0x080080a0                TIM1_UP_TIM16_IRQHandler
                0x080080a0                SPI1_IRQHandler
                0x080080a0                TIM6_DAC_IRQHandler
                0x080080a0                TIM8_UP_IRQHandler
                0x080080a0                DMA2_Channel2_IRQHandler
                0x080080a0                DMA1_Channel4_IRQHandler
                0x080080a0                SAI2_IRQHandler
                0x080080a0                DFSDM1_FLT3_IRQHandler
                0x080080a0                USART3_IRQHandler
                0x080080a0                CAN1_RX1_IRQHandler
                0x080080a0                LCD_IRQHandler
                0x080080a0                UART5_IRQHandler
                0x080080a0                DMA2_Channel1_IRQHandler
                0x080080a0                QUADSPI_IRQHandler
                0x080080a0                I2C1_EV_IRQHandler
                0x080080a0                DMA1_Channel6_IRQHandler
                0x080080a0                UART4_IRQHandler
                0x080080a0                DMA2_Channel4_IRQHandler
                0x080080a0                RCC_IRQHandler
                0x080080a0                Default_Handler
                0x080080a0                DMA2_Channel7_IRQHandler
                0x080080a0                EXTI15_10_IRQHandler
                0x080080a0                TIM7_IRQHandler
                0x080080a0                SDMMC1_IRQHandler
                0x080080a0                TIM5_IRQHandler
                0x080080a0                I2C3_EV_IRQHandler
                0x080080a0                EXTI9_5_IRQHandler
                0x080080a0                RTC_WKUP_IRQHandler
                0x080080a0                PVD_PVM_IRQHandler
                0x080080a0                SPI2_IRQHandler
                0x080080a0                CAN1_TX_IRQHandler
                0x080080a0                DMA2_Channel5_IRQHandler
                0x080080a0                DMA1_Channel5_IRQHandler
                0x080080a0                EXTI4_IRQHandler
                0x080080a0                RNG_IRQHandler
                0x080080a0                TIM1_TRG_COM_TIM17_IRQHandler
                0x080080a0                COMP_IRQHandler
                0x080080a0                WWDG_IRQHandler
                0x080080a0                LPUART1_IRQHandler
                0x080080a0                DMA2_Channel6_IRQHandler
                0x080080a0                TIM2_IRQHandler
                0x080080a0                EXTI1_IRQHandler
                0x080080a0                DFSDM1_FLT0_IRQHandler
                0x080080a0                I2C2_ER_IRQHandler
                0x080080a0                DMA1_Channel2_IRQHandler
                0x080080a0                TIM8_BRK_IRQHandler
                0x080080a0                CAN1_SCE_IRQHandler
                0x080080a0                FLASH_IRQHandler
                0x080080a0                USART1_IRQHandler
                0x080080a0                OTG_FS_IRQHandler
                0x080080a0                SPI3_IRQHandler
                0x080080a0                I2C1_ER_IRQHandler
                0x080080a0                FMC_IRQHandler
                0x080080a0                SWPMI1_IRQHandler
                0x080080a0                LPTIM1_IRQHandler
                0x080080a0                SAI1_IRQHandler
                0x080080a0                DMA2_Channel3_IRQHandler
                0x080080a0                TIM1_BRK_TIM15_IRQHandler
 *fill*         0x080080a2        0x2 
 .text.CalculateSoundSpeed
                0x080080a4       0x1c CMakeFiles/Linear_motor.dir/Core/Src/main.c.obj
 .text.MX_NVIC_Init
                0x080080c0       0x84 CMakeFiles/Linear_motor.dir/Core/Src/main.c.obj
 .text.HBridgeCalculatePWM_max
                0x08008144       0x20 CMakeFiles/Linear_motor.dir/Core/Src/main.c.obj
                0x08008144                HBridgeCalculatePWM_max
 .text.LineAppend
                0x08008164       0x64 CMakeFiles/Linear_motor.dir/Core/Src/main.c.obj
                0x08008164                LineAppend
 .text.HAL_UART_RxCpltCallback
                0x080081c8       0x28 CMakeFiles/Linear_motor.dir/Core/Src/main.c.obj
                0x080081c8                HAL_UART_RxCpltCallback
 .text.HAL_ADC_ConvCpltCallback
                0x080081f0        0x2 CMakeFiles/Linear_motor.dir/Core/Src/main.c.obj
                0x080081f0                HAL_ADC_ConvCpltCallback
 .text.Error_Handler
                0x080081f2        0x4 CMakeFiles/Linear_motor.dir/Core/Src/main.c.obj
                0x080081f2                Error_Handler
 .text.SystemClock_Config
                0x080081f6       0x7a CMakeFiles/Linear_motor.dir/Core/Src/main.c.obj
                0x080081f6                SystemClock_Config
 .text.PeriphCommonClock_Config
                0x08008270       0x46 CMakeFiles/Linear_motor.dir/Core/Src/main.c.obj
                0x08008270                PeriphCommonClock_Config
 *fill*         0x080082b6        0x2 
 .text.main     0x080082b8      0x604 CMakeFiles/Linear_motor.dir/Core/Src/main.c.obj
                0x080082b8                main
 .text.MX_ADC1_Init
                0x080088bc       0xcc CMakeFiles/Linear_motor.dir/Core/Src/adc.c.obj
                0x080088bc                MX_ADC1_Init
 .text.MX_ADC3_Init
                0x08008988       0xcc CMakeFiles/Linear_motor.dir/Core/Src/adc.c.obj
                0x08008988                MX_ADC3_Init
 .text.HAL_ADC_MspInit
                0x08008a54      0x144 CMakeFiles/Linear_motor.dir/Core/Src/adc.c.obj
                0x08008a54                HAL_ADC_MspInit
 .text.MX_DMA_Init
                0x08008b98       0x20 CMakeFiles/Linear_motor.dir/Core/Src/dma.c.obj
                0x08008b98                MX_DMA_Init
 .text.MX_GPIO_Init
                0x08008bb8       0xb8 CMakeFiles/Linear_motor.dir/Core/Src/gpio.c.obj
                0x08008bb8                MX_GPIO_Init
 .text.MX_I2C1_Init
                0x08008c70       0x58 CMakeFiles/Linear_motor.dir/Core/Src/i2c.c.obj
                0x08008c70                MX_I2C1_Init
 .text.HAL_I2C_MspInit
                0x08008cc8       0x8c CMakeFiles/Linear_motor.dir/Core/Src/i2c.c.obj
                0x08008cc8                HAL_I2C_MspInit
 .text.HAL_TIM_Base_MspInit
                0x08008d54       0xc4 CMakeFiles/Linear_motor.dir/Core/Src/tim.c.obj
                0x08008d54                HAL_TIM_Base_MspInit
 .text.HAL_TIM_MspPostInit
                0x08008e18       0xf0 CMakeFiles/Linear_motor.dir/Core/Src/tim.c.obj
                0x08008e18                HAL_TIM_MspPostInit
 .text.MX_TIM2_Init
                0x08008f08      0x10c CMakeFiles/Linear_motor.dir/Core/Src/tim.c.obj
                0x08008f08                MX_TIM2_Init
 .text.MX_TIM3_Init
                0x08009014       0xb0 CMakeFiles/Linear_motor.dir/Core/Src/tim.c.obj
                0x08009014                MX_TIM3_Init
 .text.MX_TIM4_Init
                0x080090c4       0xac CMakeFiles/Linear_motor.dir/Core/Src/tim.c.obj
                0x080090c4                MX_TIM4_Init
 .text.MX_TIM8_Init
                0x08009170       0xfc CMakeFiles/Linear_motor.dir/Core/Src/tim.c.obj
                0x08009170                MX_TIM8_Init
 .text.MX_USART2_UART_Init
                0x0800926c       0x38 CMakeFiles/Linear_motor.dir/Core/Src/usart.c.obj
                0x0800926c                MX_USART2_UART_Init
 .text.MX_USART3_UART_Init
                0x080092a4       0x44 CMakeFiles/Linear_motor.dir/Core/Src/usart.c.obj
                0x080092a4                MX_USART3_UART_Init
 .text.HAL_UART_MspInit
                0x080092e8      0x124 CMakeFiles/Linear_motor.dir/Core/Src/usart.c.obj
                0x080092e8                HAL_UART_MspInit
 .text.CircBuffInit
                0x0800940c       0x18 CMakeFiles/Linear_motor.dir/CircularBuffer/CircularBuffer.c.obj
                0x0800940c                CircBuffInit
 .text.CircBuffUpdate
                0x08009424       0x18 CMakeFiles/Linear_motor.dir/CircularBuffer/CircularBuffer.c.obj
                0x08009424                CircBuffUpdate
 .text.swap     0x0800943c        0xa CMakeFiles/Linear_motor.dir/DigitalFilters/DigitalFilters.c.obj
 .text.partition
                0x08009446       0x46 CMakeFiles/Linear_motor.dir/DigitalFilters/DigitalFilters.c.obj
 .text.quickSort
                0x0800948c       0x2a CMakeFiles/Linear_motor.dir/DigitalFilters/DigitalFilters.c.obj
 .text.FilterMedianInit
                0x080094b6        0x8 CMakeFiles/Linear_motor.dir/DigitalFilters/DigitalFilters.c.obj
                0x080094b6                FilterMedianInit
 .text.get_median
                0x080094be       0x38 CMakeFiles/Linear_motor.dir/DigitalFilters/DigitalFilters.c.obj
                0x080094be                get_median
 .text.FilterMedianUpdate
                0x080094f6       0x56 CMakeFiles/Linear_motor.dir/DigitalFilters/DigitalFilters.c.obj
                0x080094f6                FilterMedianUpdate
 .text.FilterMovingAverageInit
                0x0800954c        0x8 CMakeFiles/Linear_motor.dir/DigitalFilters/DigitalFilters.c.obj
                0x0800954c                FilterMovingAverageInit
 .text.FilterLowPassInit
                0x08009554        0xa CMakeFiles/Linear_motor.dir/DigitalFilters/DigitalFilters.c.obj
                0x08009554                FilterLowPassInit
 .text.FilterLowPassUpdate
                0x0800955e       0x32 CMakeFiles/Linear_motor.dir/DigitalFilters/DigitalFilters.c.obj
                0x0800955e                FilterLowPassUpdate
 .text.send_cmd
                0x08009590       0x3c CMakeFiles/Linear_motor.dir/ds18b20/ds18b20.c.obj
 .text.ds18b20_read_scratchpad
                0x080095cc       0x36 CMakeFiles/Linear_motor.dir/ds18b20/ds18b20.c.obj
 .text.ds18b20_start_measure
                0x08009602        0xa CMakeFiles/Linear_motor.dir/ds18b20/ds18b20.c.obj
                0x08009602                ds18b20_start_measure
 .text.ds18b20_get_temp
                0x0800960c       0x1a CMakeFiles/Linear_motor.dir/ds18b20/ds18b20.c.obj
                0x0800960c                ds18b20_get_temp
 .text.HBridgeInit
                0x08009626        0xe CMakeFiles/Linear_motor.dir/HBridge/hbridge.c.obj
                0x08009626                HBridgeInit
 .text.HBridgeControl
                0x08009634      0x1c6 CMakeFiles/Linear_motor.dir/HBridge/hbridge.c.obj
                0x08009634                HBridgeControl
 .text.PIDInit  0x080097fa       0x16 CMakeFiles/Linear_motor.dir/PID/PID.c.obj
                0x080097fa                PIDInit
 .text.PIDReset
                0x08009810        0x8 CMakeFiles/Linear_motor.dir/PID/PID.c.obj
                0x08009810                PIDReset
 .text.OW_CRC_BYTE
                0x08009818       0x24 CMakeFiles/Linear_motor.dir/Core/Src/wire.c.obj
 .text.OW_Set_Baudrate
                0x0800983c       0x3c CMakeFiles/Linear_motor.dir/Core/Src/wire.c.obj
                0x0800983c                OW_Set_Baudrate
 .text.OW_Reset
                0x08009878       0x58 CMakeFiles/Linear_motor.dir/Core/Src/wire.c.obj
                0x08009878                OW_Reset
 .text.OW_Read_Bit
                0x080098d0       0x44 CMakeFiles/Linear_motor.dir/Core/Src/wire.c.obj
                0x080098d0                OW_Read_Bit
 .text.OW_Read_Byte
                0x08009914       0x24 CMakeFiles/Linear_motor.dir/Core/Src/wire.c.obj
                0x08009914                OW_Read_Byte
 .text.OW_Write_Bit
                0x08009938       0x40 CMakeFiles/Linear_motor.dir/Core/Src/wire.c.obj
                0x08009938                OW_Write_Bit
 .text.OW_Write_Byte
                0x08009978       0x1a CMakeFiles/Linear_motor.dir/Core/Src/wire.c.obj
                0x08009978                OW_Write_Byte
 .text.OW_CRC   0x08009992       0x1a CMakeFiles/Linear_motor.dir/Core/Src/wire.c.obj
                0x08009992                OW_CRC
 .text.OW_Crc_LUT
                0x080099ac       0x18 CMakeFiles/Linear_motor.dir/Core/Src/wire.c.obj
                0x080099ac                OW_Crc_LUT
 .text.OW_Search
                0x080099c4      0x10c CMakeFiles/Linear_motor.dir/Core/Src/wire.c.obj
                0x080099c4                OW_Search
 .text.OW_Search_First
                0x08009ad0       0x24 CMakeFiles/Linear_motor.dir/Core/Src/wire.c.obj
                0x08009ad0                OW_Search_First
 .text.OW_Search_Next
                0x08009af4        0x8 CMakeFiles/Linear_motor.dir/Core/Src/wire.c.obj
                0x08009af4                OW_Search_Next
 .text.atoi     0x08009afc        0x8 C:/ST/STM32CubeCLT_1.16.0/GNU-tools-for-STM32/bin/../lib/gcc/arm-none-eabi/12.3.1/../../../../arm-none-eabi/lib/thumb/v7e-m+fp/hard\libg_nano.a(libc_a-atoi.o)
                0x08009afc                atoi
 .text._strtol_l.constprop.0
                0x08009b04       0xf4 C:/ST/STM32CubeCLT_1.16.0/GNU-tools-for-STM32/bin/../lib/gcc/arm-none-eabi/12.3.1/../../../../arm-none-eabi/lib/thumb/v7e-m+fp/hard\libg_nano.a(libc_a-strtol.o)
 .text.strtol   0x08009bf8       0x14 C:/ST/STM32CubeCLT_1.16.0/GNU-tools-for-STM32/bin/../lib/gcc/arm-none-eabi/12.3.1/../../../../arm-none-eabi/lib/thumb/v7e-m+fp/hard\libg_nano.a(libc_a-strtol.o)
                0x08009bf8                strtol
 .text.printf   0x08009c0c       0x24 C:/ST/STM32CubeCLT_1.16.0/GNU-tools-for-STM32/bin/../lib/gcc/arm-none-eabi/12.3.1/../../../../arm-none-eabi/lib/thumb/v7e-m+fp/hard\libg_nano.a(libc_a-printf.o)
                0x08009c0c                iprintf
                0x08009c0c                printf
 .text.sprintf  0x08009c30       0x40 C:/ST/STM32CubeCLT_1.16.0/GNU-tools-for-STM32/bin/../lib/gcc/arm-none-eabi/12.3.1/../../../../arm-none-eabi/lib/thumb/v7e-m+fp/hard\libg_nano.a(libc_a-sprintf.o)
                0x08009c30                siprintf
                0x08009c30                sprintf
 .text.__errno  0x08009c70        0xc C:/ST/STM32CubeCLT_1.16.0/GNU-tools-for-STM32/bin/../lib/gcc/arm-none-eabi/12.3.1/../../../../arm-none-eabi/lib/thumb/v7e-m+fp/hard\libg_nano.a(libc_a-errno.o)
                0x08009c70                __errno
 .text.__ssputs_r
                0x08009c7c       0xb6 C:/ST/STM32CubeCLT_1.16.0/GNU-tools-for-STM32/bin/../lib/gcc/arm-none-eabi/12.3.1/../../../../arm-none-eabi/lib/thumb/v7e-m+fp/hard\libg_nano.a(libc_a-nano-svfprintf.o)
                0x08009c7c                __ssputs_r
 *fill*         0x08009d32        0x2 
 .text._svfprintf_r
                0x08009d34      0x1f8 C:/ST/STM32CubeCLT_1.16.0/GNU-tools-for-STM32/bin/../lib/gcc/arm-none-eabi/12.3.1/../../../../arm-none-eabi/lib/thumb/v7e-m+fp/hard\libg_nano.a(libc_a-nano-svfprintf.o)
                0x08009d34                _svfiprintf_r
                0x08009d34                _svfprintf_r
 *(.glue_7)
 .glue_7        0x08009f2c        0x0 linker stubs
 *(.glue_7t)
 .glue_7t       0x08009f2c        0x0 linker stubs
 *(.eh_frame)
 .eh_frame      0x08009f2c        0x0 C:/ST/STM32CubeCLT_1.16.0/GNU-tools-for-STM32/bin/../lib/gcc/arm-none-eabi/12.3.1/thumb/v7e-m+fp/hard/crtbegin.o
 *(.init)
 .init          0x08009f2c        0x4 C:/ST/STM32CubeCLT_1.16.0/GNU-tools-for-STM32/bin/../lib/gcc/arm-none-eabi/12.3.1/thumb/v7e-m+fp/hard/crti.o
                0x08009f2c                _init
 .init          0x08009f30        0x8 C:/ST/STM32CubeCLT_1.16.0/GNU-tools-for-STM32/bin/../lib/gcc/arm-none-eabi/12.3.1/thumb/v7e-m+fp/hard/crtn.o
 *(.fini)
 .fini          0x08009f38        0x4 C:/ST/STM32CubeCLT_1.16.0/GNU-tools-for-STM32/bin/../lib/gcc/arm-none-eabi/12.3.1/thumb/v7e-m+fp/hard/crti.o
                0x08009f38                _fini
 .fini          0x08009f3c        0x8 C:/ST/STM32CubeCLT_1.16.0/GNU-tools-for-STM32/bin/../lib/gcc/arm-none-eabi/12.3.1/thumb/v7e-m+fp/hard/crtn.o
                0x08009f44                        . = ALIGN (0x4)
                0x08009f44                        _etext = .

.vfp11_veneer   0x08009f44        0x0
 .vfp11_veneer  0x08009f44        0x0 linker stubs

.v4_bx          0x08009f44        0x0
 .v4_bx         0x08009f44        0x0 linker stubs

.iplt           0x08009f44        0x0
 .iplt          0x08009f44        0x0 C:/ST/STM32CubeCLT_1.16.0/GNU-tools-for-STM32/bin/../lib/gcc/arm-none-eabi/12.3.1/thumb/v7e-m+fp/hard/crtbegin.o

.rodata         0x08009f48      0x588
                0x08009f48                        . = ALIGN (0x4)
 *(.rodata)
 *(.rodata*)
 .rodata._printf_float.str1.1
                0x08009f48       0x12 C:/ST/STM32CubeCLT_1.16.0/GNU-tools-for-STM32/bin/../lib/gcc/arm-none-eabi/12.3.1/../../../../arm-none-eabi/lib/thumb/v7e-m+fp/hard\libc_nano.a(libc_a-nano-vfprintf_float.o)
 .rodata._printf_i.str1.1
                0x08009f5a       0x22 C:/ST/STM32CubeCLT_1.16.0/GNU-tools-for-STM32/bin/../lib/gcc/arm-none-eabi/12.3.1/../../../../arm-none-eabi/lib/thumb/v7e-m+fp/hard\libc_nano.a(libc_a-nano-vfprintf_i.o)
 .rodata._dtoa_r.str1.1
                0x08009f7c       0x8d C:/ST/STM32CubeCLT_1.16.0/GNU-tools-for-STM32/bin/../lib/gcc/arm-none-eabi/12.3.1/../../../../arm-none-eabi/lib/thumb/v7e-m+fp/hard\libc_nano.a(libc_a-dtoa.o)
                                 0x8f (size before relaxing)
 .rodata._Balloc.str1.1
                0x0800a009       0x59 C:/ST/STM32CubeCLT_1.16.0/GNU-tools-for-STM32/bin/../lib/gcc/arm-none-eabi/12.3.1/../../../../arm-none-eabi/lib/thumb/v7e-m+fp/hard\libc_nano.a(libc_a-mprec.o)
                                 0x70 (size before relaxing)
 .rodata.__multadd.str1.1
                0x0800a062       0x11 C:/ST/STM32CubeCLT_1.16.0/GNU-tools-for-STM32/bin/../lib/gcc/arm-none-eabi/12.3.1/../../../../arm-none-eabi/lib/thumb/v7e-m+fp/hard\libc_nano.a(libc_a-mprec.o)
 *fill*         0x0800a062        0x2 
 .rodata.p05.0  0x0800a064        0xc C:/ST/STM32CubeCLT_1.16.0/GNU-tools-for-STM32/bin/../lib/gcc/arm-none-eabi/12.3.1/../../../../arm-none-eabi/lib/thumb/v7e-m+fp/hard\libc_nano.a(libc_a-mprec.o)
 .rodata.__mprec_bigtens
                0x0800a070       0x28 C:/ST/STM32CubeCLT_1.16.0/GNU-tools-for-STM32/bin/../lib/gcc/arm-none-eabi/12.3.1/../../../../arm-none-eabi/lib/thumb/v7e-m+fp/hard\libc_nano.a(libc_a-mprec.o)
                0x0800a070                __mprec_bigtens
 .rodata.__mprec_tens
                0x0800a098       0xc8 C:/ST/STM32CubeCLT_1.16.0/GNU-tools-for-STM32/bin/../lib/gcc/arm-none-eabi/12.3.1/../../../../arm-none-eabi/lib/thumb/v7e-m+fp/hard\libc_nano.a(libc_a-mprec.o)
                0x0800a098                __mprec_tens
 .rodata._setlocale_r.str1.1
                0x0800a160        0x8 C:/ST/STM32CubeCLT_1.16.0/GNU-tools-for-STM32/bin/../lib/gcc/arm-none-eabi/12.3.1/../../../../arm-none-eabi/lib/thumb/v7e-m+fp/hard\libc_nano.a(libc_a-locale.o)
                                  0x9 (size before relaxing)
 .rodata.str1.1
                0x0800a168        0x2 C:/ST/STM32CubeCLT_1.16.0/GNU-tools-for-STM32/bin/../lib/gcc/arm-none-eabi/12.3.1/../../../../arm-none-eabi/lib/thumb/v7e-m+fp/hard\libc_nano.a(libc_a-locale.o)
 .rodata.__assert_func.str1.1
                0x0800a16a       0x3c C:/ST/STM32CubeCLT_1.16.0/GNU-tools-for-STM32/bin/../lib/gcc/arm-none-eabi/12.3.1/../../../../arm-none-eabi/lib/thumb/v7e-m+fp/hard\libc_nano.a(libc_a-assert.o)
                                 0x3d (size before relaxing)
 .rodata._ctype_
                0x0800a1a6      0x101 C:/ST/STM32CubeCLT_1.16.0/GNU-tools-for-STM32/bin/../lib/gcc/arm-none-eabi/12.3.1/../../../../arm-none-eabi/lib/thumb/v7e-m+fp/hard\libc_nano.a(libc_a-ctype_.o)
                0x0800a1a6                _ctype_
 .rodata._vfprintf_r.str1.1
                0x0800a2a7       0x11 C:/ST/STM32CubeCLT_1.16.0/GNU-tools-for-STM32/bin/../lib/gcc/arm-none-eabi/12.3.1/../../../../arm-none-eabi/lib/thumb/v7e-m+fp/hard\libc_nano.a(libc_a-nano-vfprintf.o)
 .rodata.MSIRangeTable
                0x0800a2b8       0x30 CMakeFiles/Linear_motor.dir/Core/Src/system_stm32l4xx.c.obj
                0x0800a2b8                MSIRangeTable
 .rodata.APBPrescTable
                0x0800a2e8        0x8 CMakeFiles/Linear_motor.dir/Core/Src/system_stm32l4xx.c.obj
                0x0800a2e8                APBPrescTable
 .rodata.AHBPrescTable
                0x0800a2f0       0x10 CMakeFiles/Linear_motor.dir/Core/Src/system_stm32l4xx.c.obj
                0x0800a2f0                AHBPrescTable
 .rodata.main.str1.4
                0x0800a300       0xcd CMakeFiles/Linear_motor.dir/Core/Src/main.c.obj
 *fill*         0x0800a3cd        0x3 
 .rodata.dscrc_table
                0x0800a3d0      0x100 CMakeFiles/Linear_motor.dir/Core/Src/wire.c.obj
 .rodata._svfprintf_r.str1.1
                0x0800a4d0       0x11 C:/ST/STM32CubeCLT_1.16.0/GNU-tools-for-STM32/bin/../lib/gcc/arm-none-eabi/12.3.1/../../../../arm-none-eabi/lib/thumb/v7e-m+fp/hard\libg_nano.a(libc_a-nano-svfprintf.o)
                0x0800a4e4                        . = ALIGN (0x4)

.ARM.extab      0x0800a4d0        0x0
                0x0800a4d0                        . = ALIGN (0x4)
 *(.ARM.extab* .gnu.linkonce.armextab.*)
                0x0800a4d0                        . = ALIGN (0x4)

.ARM            0x0800a4d0        0x8
                0x0800a4d0                        . = ALIGN (0x4)
                0x0800a4d0                        __exidx_start = .
 *(.ARM.exidx*)
 .ARM.exidx     0x0800a4d0        0x8 C:/ST/STM32CubeCLT_1.16.0/GNU-tools-for-STM32/bin/../lib/gcc/arm-none-eabi/12.3.1/../../../../arm-none-eabi/lib/thumb/v7e-m+fp/hard\libc_nano.a(libc_a-memchr.o)
 .ARM.exidx     0x0800a4d8        0x0 C:/ST/STM32CubeCLT_1.16.0/GNU-tools-for-STM32/bin/../lib/gcc/arm-none-eabi/12.3.1/../../../../arm-none-eabi/lib/thumb/v7e-m+fp/hard\libc_nano.a(libc_a-strlen.o)
                                  0x8 (size before relaxing)
 .ARM.exidx     0x0800a4d8        0x0 C:/ST/STM32CubeCLT_1.16.0/GNU-tools-for-STM32/bin/../lib/gcc/arm-none-eabi/12.3.1/thumb/v7e-m+fp/hard\libgcc.a(_udivmoddi4.o)
                                  0x8 (size before relaxing)
                0x0800a4d8                        __exidx_end = .
                0x0800a4d8                        . = ALIGN (0x4)

.rel.dyn        0x0800a4d8        0x0
 .rel.iplt      0x0800a4d8        0x0 C:/ST/STM32CubeCLT_1.16.0/GNU-tools-for-STM32/bin/../lib/gcc/arm-none-eabi/12.3.1/thumb/v7e-m+fp/hard/crtbegin.o

.preinit_array  0x0800a4d8        0x0
                0x0800a4d8                        . = ALIGN (0x4)
                0x0800a4d8                        PROVIDE (__preinit_array_start = .)
 *(.preinit_array*)
                0x0800a4d8                        PROVIDE (__preinit_array_end = .)
                0x0800a4d8                        . = ALIGN (0x4)

.init_array     0x0800a4d8        0x4
                0x0800a4d8                        . = ALIGN (0x4)
                0x0800a4d8                        PROVIDE (__init_array_start = .)
 *(SORT_BY_NAME(.init_array.*))
 *(.init_array*)
 .init_array    0x0800a4d8        0x4 C:/ST/STM32CubeCLT_1.16.0/GNU-tools-for-STM32/bin/../lib/gcc/arm-none-eabi/12.3.1/thumb/v7e-m+fp/hard/crtbegin.o
                0x0800a4dc                        PROVIDE (__init_array_end = .)
                0x0800a4dc                        . = ALIGN (0x4)

.fini_array     0x0800a4dc        0x4
                0x0800a4dc                        . = ALIGN (0x4)
                [!provide]                        PROVIDE (__fini_array_start = .)
 *(SORT_BY_NAME(.fini_array.*))
 *(.fini_array*)
 .fini_array    0x0800a4dc        0x4 C:/ST/STM32CubeCLT_1.16.0/GNU-tools-for-STM32/bin/../lib/gcc/arm-none-eabi/12.3.1/thumb/v7e-m+fp/hard/crtbegin.o
                [!provide]                        PROVIDE (__fini_array_end = .)
                0x0800a4e0                        . = ALIGN (0x4)
                0x0800a4e0                        _sidata = LOADADDR (.data)

.data           0x20000000      0x1d4 load address 0x0800a4e0
                0x20000000                        . = ALIGN (0x4)
                0x20000000                        _sdata = .
 *(.data)
 *(.data*)
 .data.__sglue  0x20000000        0xc C:/ST/STM32CubeCLT_1.16.0/GNU-tools-for-STM32/bin/../lib/gcc/arm-none-eabi/12.3.1/../../../../arm-none-eabi/lib/thumb/v7e-m+fp/hard\libc_nano.a(libc_a-findfp.o)
                0x20000000                __sglue
 .data._impure_ptr
                0x2000000c        0x4 C:/ST/STM32CubeCLT_1.16.0/GNU-tools-for-STM32/bin/../lib/gcc/arm-none-eabi/12.3.1/../../../../arm-none-eabi/lib/thumb/v7e-m+fp/hard\libc_nano.a(libc_a-impure.o)
                0x2000000c                _impure_ptr
 .data._impure_data
                0x20000010       0x4c C:/ST/STM32CubeCLT_1.16.0/GNU-tools-for-STM32/bin/../lib/gcc/arm-none-eabi/12.3.1/../../../../arm-none-eabi/lib/thumb/v7e-m+fp/hard\libc_nano.a(libc_a-impure.o)
                0x20000010                _impure_data
 .data.__global_locale
                0x2000005c      0x16c C:/ST/STM32CubeCLT_1.16.0/GNU-tools-for-STM32/bin/../lib/gcc/arm-none-eabi/12.3.1/../../../../arm-none-eabi/lib/thumb/v7e-m+fp/hard\libc_nano.a(libc_a-locale.o)
                0x2000005c                __global_locale
 .data.uwTickFreq
                0x200001c8        0x1 CMakeFiles/Linear_motor.dir/Drivers/STM32L4xx_HAL_Driver/Src/stm32l4xx_hal.c.obj
                0x200001c8                uwTickFreq
 *fill*         0x200001c9        0x3 
 .data.uwTickPrio
                0x200001cc        0x4 CMakeFiles/Linear_motor.dir/Drivers/STM32L4xx_HAL_Driver/Src/stm32l4xx_hal.c.obj
                0x200001cc                uwTickPrio
 .data.SystemCoreClock
                0x200001d0        0x4 CMakeFiles/Linear_motor.dir/Core/Src/system_stm32l4xx.c.obj
                0x200001d0                SystemCoreClock
 *(.RamFunc)
 *(.RamFunc*)
                0x200001d4                        . = ALIGN (0x4)
                0x200001d4                        _edata = .

.igot.plt       0x200001d4        0x0 load address 0x0800a6b4
 .igot.plt      0x200001d4        0x0 C:/ST/STM32CubeCLT_1.16.0/GNU-tools-for-STM32/bin/../lib/gcc/arm-none-eabi/12.3.1/thumb/v7e-m+fp/hard/crtbegin.o
                0x200001d4                        . = ALIGN (0x4)

.bss            0x200001d4      0x6a4 load address 0x0800a6b4
                0x200001d4                        _sbss = .
                0x200001d4                        __bss_start__ = _sbss
 *(.bss)
 .bss           0x200001d4       0x1c C:/ST/STM32CubeCLT_1.16.0/GNU-tools-for-STM32/bin/../lib/gcc/arm-none-eabi/12.3.1/thumb/v7e-m+fp/hard/crtbegin.o
 *(.bss*)
 .bss.__sf      0x200001f0      0x138 C:/ST/STM32CubeCLT_1.16.0/GNU-tools-for-STM32/bin/../lib/gcc/arm-none-eabi/12.3.1/../../../../arm-none-eabi/lib/thumb/v7e-m+fp/hard\libc_nano.a(libc_a-findfp.o)
                0x200001f0                __sf
 .bss.__stdio_exit_handler
                0x20000328        0x4 C:/ST/STM32CubeCLT_1.16.0/GNU-tools-for-STM32/bin/../lib/gcc/arm-none-eabi/12.3.1/../../../../arm-none-eabi/lib/thumb/v7e-m+fp/hard\libc_nano.a(libc_a-findfp.o)
                0x20000328                __stdio_exit_handler
 .bss.errno     0x2000032c        0x4 C:/ST/STM32CubeCLT_1.16.0/GNU-tools-for-STM32/bin/../lib/gcc/arm-none-eabi/12.3.1/../../../../arm-none-eabi/lib/thumb/v7e-m+fp/hard\libc_nano.a(libc_a-reent.o)
                0x2000032c                errno
 .bss.__lock___malloc_recursive_mutex
                0x20000330        0x1 C:/ST/STM32CubeCLT_1.16.0/GNU-tools-for-STM32/bin/../lib/gcc/arm-none-eabi/12.3.1/../../../../arm-none-eabi/lib/thumb/v7e-m+fp/hard\libc_nano.a(libc_a-lock.o)
                0x20000330                __lock___malloc_recursive_mutex
 .bss.__lock___sfp_recursive_mutex
                0x20000331        0x1 C:/ST/STM32CubeCLT_1.16.0/GNU-tools-for-STM32/bin/../lib/gcc/arm-none-eabi/12.3.1/../../../../arm-none-eabi/lib/thumb/v7e-m+fp/hard\libc_nano.a(libc_a-lock.o)
                0x20000331                __lock___sfp_recursive_mutex
 *fill*         0x20000332        0x2 
 .bss.__malloc_sbrk_start
                0x20000334        0x4 C:/ST/STM32CubeCLT_1.16.0/GNU-tools-for-STM32/bin/../lib/gcc/arm-none-eabi/12.3.1/../../../../arm-none-eabi/lib/thumb/v7e-m+fp/hard\libc_nano.a(libc_a-mallocr.o)
                0x20000334                __malloc_sbrk_start
 .bss.__malloc_free_list
                0x20000338        0x4 C:/ST/STM32CubeCLT_1.16.0/GNU-tools-for-STM32/bin/../lib/gcc/arm-none-eabi/12.3.1/../../../../arm-none-eabi/lib/thumb/v7e-m+fp/hard\libc_nano.a(libc_a-mallocr.o)
                0x20000338                __malloc_free_list
 .bss.uwTick    0x2000033c        0x4 CMakeFiles/Linear_motor.dir/Drivers/STM32L4xx_HAL_Driver/Src/stm32l4xx_hal.c.obj
                0x2000033c                uwTick
 .bss.__sbrk_heap_end
                0x20000340        0x4 CMakeFiles/Linear_motor.dir/Core/Src/sysmem.c.obj
 .bss.start_message.0
                0x20000344        0x2 CMakeFiles/Linear_motor.dir/Core/Src/main.c.obj
 *fill*         0x20000346        0x2 
 .bss.line_length
                0x20000348        0x4 CMakeFiles/Linear_motor.dir/Core/Src/main.c.obj
 .bss.line_buffer
                0x2000034c        0x7 CMakeFiles/Linear_motor.dir/Core/Src/main.c.obj
 .bss.input_done
                0x20000353        0x1 CMakeFiles/Linear_motor.dir/Core/Src/main.c.obj
                0x20000353                input_done
 .bss.uart_rx_buffer
                0x20000354        0x1 CMakeFiles/Linear_motor.dir/Core/Src/main.c.obj
                0x20000354                uart_rx_buffer
 *fill*         0x20000355        0x3 
 .bss.lpf_velocity
                0x20000358        0x8 CMakeFiles/Linear_motor.dir/Core/Src/main.c.obj
                0x20000358                lpf_velocity
 .bss.lpf_position
                0x20000360        0x8 CMakeFiles/Linear_motor.dir/Core/Src/main.c.obj
                0x20000360                lpf_position
 .bss.filter_moving_average
                0x20000368       0x44 CMakeFiles/Linear_motor.dir/Core/Src/main.c.obj
                0x20000368                filter_moving_average
 .bss.filter_median
                0x200003ac       0x44 CMakeFiles/Linear_motor.dir/Core/Src/main.c.obj
                0x200003ac                filter_median
 .bss.HALL      0x200003f0        0xc CMakeFiles/Linear_motor.dir/Core/Src/main.c.obj
                0x200003f0                HALL
 .bss.velocity  0x200003fc        0x4 CMakeFiles/Linear_motor.dir/Core/Src/main.c.obj
                0x200003fc                velocity
 .bss.xset      0x20000400        0x4 CMakeFiles/Linear_motor.dir/Core/Src/main.c.obj
                0x20000400                xset
 .bss.x         0x20000404        0x4 CMakeFiles/Linear_motor.dir/Core/Src/main.c.obj
                0x20000404                x
 .bss.sonic_speed
                0x20000408        0x4 CMakeFiles/Linear_motor.dir/Core/Src/main.c.obj
                0x20000408                sonic_speed
 .bss.start1    0x2000040c        0x4 CMakeFiles/Linear_motor.dir/Core/Src/main.c.obj
                0x2000040c                start1
 .bss.stop1     0x20000410        0x4 CMakeFiles/Linear_motor.dir/Core/Src/main.c.obj
                0x20000410                stop1
 .bss.CURRENT   0x20000414        0x8 CMakeFiles/Linear_motor.dir/Core/Src/main.c.obj
                0x20000414                CURRENT
 .bss.ADC_HALL  0x2000041c        0x6 CMakeFiles/Linear_motor.dir/Core/Src/main.c.obj
 *fill*         0x20000422        0x2 
 .bss.ADC_CURRENT
                0x20000424        0x4 CMakeFiles/Linear_motor.dir/Core/Src/main.c.obj
 .bss.HAL_RCC_ADC_CLK_ENABLED
                0x20000428        0x4 CMakeFiles/Linear_motor.dir/Core/Src/adc.c.obj
 .bss.hdma_adc3
                0x2000042c       0x48 CMakeFiles/Linear_motor.dir/Core/Src/adc.c.obj
                0x2000042c                hdma_adc3
 .bss.hdma_adc1
                0x20000474       0x48 CMakeFiles/Linear_motor.dir/Core/Src/adc.c.obj
                0x20000474                hdma_adc1
 .bss.hadc3     0x200004bc       0x64 CMakeFiles/Linear_motor.dir/Core/Src/adc.c.obj
                0x200004bc                hadc3
 .bss.hadc1     0x20000520       0x64 CMakeFiles/Linear_motor.dir/Core/Src/adc.c.obj
                0x20000520                hadc1
 .bss.hi2c1     0x20000584       0x54 CMakeFiles/Linear_motor.dir/Core/Src/i2c.c.obj
                0x20000584                hi2c1
 .bss.htim8     0x200005d8       0x4c CMakeFiles/Linear_motor.dir/Core/Src/tim.c.obj
                0x200005d8                htim8
 .bss.htim4     0x20000624       0x4c CMakeFiles/Linear_motor.dir/Core/Src/tim.c.obj
                0x20000624                htim4
 .bss.htim3     0x20000670       0x4c CMakeFiles/Linear_motor.dir/Core/Src/tim.c.obj
                0x20000670                htim3
 .bss.htim2     0x200006bc       0x4c CMakeFiles/Linear_motor.dir/Core/Src/tim.c.obj
                0x200006bc                htim2
 .bss.hdma_usart2_tx
                0x20000708       0x48 CMakeFiles/Linear_motor.dir/Core/Src/usart.c.obj
                0x20000708                hdma_usart2_tx
 .bss.huart3    0x20000750       0x88 CMakeFiles/Linear_motor.dir/Core/Src/usart.c.obj
                0x20000750                huart3
 .bss.huart2    0x200007d8       0x88 CMakeFiles/Linear_motor.dir/Core/Src/usart.c.obj
                0x200007d8                huart2
 .bss.crc8      0x20000860        0x1 CMakeFiles/Linear_motor.dir/Core/Src/wire.c.obj
                0x20000860                crc8
 *fill*         0x20000861        0x3 
 .bss.LastDeviceFlag
                0x20000864        0x4 CMakeFiles/Linear_motor.dir/Core/Src/wire.c.obj
                0x20000864                LastDeviceFlag
 .bss.LastFamilyDiscrepancy
                0x20000868        0x4 CMakeFiles/Linear_motor.dir/Core/Src/wire.c.obj