../Core/Src/main.c:118:14:CalculateSoundSpeed	16	static
../Core/Src/main.c:123:7:CalculateCurrent	16	static
../Core/Src/main.c:128:7:HallCalculateTesla	16	static
../Core/Src/main.c:134:9:HBridgeCalculatePWM_max	16	static
../Core/Src/main.c:144:9:HBridgeCalculatePWM_prop	16	static
../Core/Src/main.c:149:6:LineAppend	16	static
../Core/Src/main.c:183:5:main	296	static
../Core/Src/main.c:474:6:SystemClock_Config	96	static
../Core/Src/main.c:525:6:PeriphCommonClock_Config	144	static
../Core/Src/main.c:551:13:MX_NVIC_Init	8	static
../Core/Src/main.c:581:6:HAL_UART_RxCpltCallback	16	static
../Core/Src/main.c:590:6:HAL_ADC_ConvCpltCallback	16	static
../Core/Src/main.c:600:6:Error_Handler	4	static,ignoring_inline_asm
