../Core/Src/main.c:125:7:CalculateCurrent	8	static
../Core/Src/main.c:130:7:HallCalculateTesla	8	static
../Core/Src/main.c:136:9:HBridgeCalculatePWM_max	0	static
../Core/Src/main.c:146:9:HBridgeCalculatePWM_prop	8	static
../Core/Src/main.c:156:6:LineAppend	16	static
../Core/Src/main.c:487:6:SystemClock_Config	104	static,ignoring_inline_asm
../Core/Src/main.c:538:6:PeriphCommonClock_Config	144	static,ignoring_inline_asm
../Core/Src/main.c:190:5:main	280	static
../Core/Src/main.c:594:6:HAL_UART_RxCpltCallback	16	static
../Core/Src/main.c:603:6:HAL_ADC_ConvCpltCallback	0	static
../Core/Src/main.c:613:6:Error_Handler	0	static,ignoring_inline_asm
