../Core/Src/wire.c:20:6:OW_Set_Baudrate	8	static
../Core/Src/wire.c:40:19:OW_Reset	16	static
../Core/Src/wire.c:56:5:OW_Read_Bit	16	static
../Core/Src/wire.c:66:9:OW_Read_Byte	24	static
../Core/Src/wire.c:78:6:OW_Write_Bit	16	static
../Core/Src/wire.c:89:6:OW_Write_Byte	24	static
../Core/Src/wire.c:111:9:OW_CRC	4	static
../Core/Src/wire.c:153:5:OW_Search	56	static
../Core/Src/wire.c:128:5:OW_Search_First	0	static
../Core/Src/wire.c:142:5:OW_Search_Next	0	static
../Core/Src/wire.c:267:5:OW_Verify	56	static
../Core/Src/wire.c:309:6:OW_Target_Setup	8	static
../Core/Src/wire.c:325:6:OW_Family_SkipSetup	0	static
../Core/Src/wire.c:360:9:OW_Crc_LUT	0	static
